L251 LINKER/LOCATER V4.66.93.0                                                          05/07/2024  18:43:57  PAGE 1


L251 LINKER/LOCATER V4.66.93.0, INVOKED BY:
D:\KEILMDK\C251\BIN\L251.EXE .\Objects\adc12.obj, .\Objects\ads1110.obj, .\Objects\i2c.obj, .\Objects\io.obj, .\Objects\
>> mcp4725.obj, .\Objects\MwPro.obj, .\Objects\Uart.obj, .\Objects\main.obj, .\Objects\system.obj TO .\Objects\QrjIo_Stc
>>  PRINT (.\Listings\QrjIo_Stc.map) CASE REMOVEUNUSED CLASSES (EDATA (0X0-0XFFF), HDATA (0X0-0XFFF))


CPU MODE:     251 SOURCE MODE
INTR FRAME:   2 BYTES SAVED ON INTERRUPT
MEMORY MODEL: XSMALL WITH FLOATING POINT ARITHMETIC


INPUT MODULES INCLUDED:
  .\Objects\adc12.obj (adc12)
         COMMENT TYPE 0: C251 V5.60.0
  .\Objects\ads1110.obj (ads1110)
         COMMENT TYPE 0: C251 V5.60.0
  .\Objects\i2c.obj (i2c)
         COMMENT TYPE 0: C251 V5.60.0
  .\Objects\io.obj (io)
         COMMENT TYPE 0: C251 V5.60.0
  .\Objects\mcp4725.obj (mcp4725)
         COMMENT TYPE 0: C251 V5.60.0
  .\Objects\MwPro.obj (MwPro)
         COMMENT TYPE 0: C251 V5.60.0
  .\Objects\Uart.obj (Uart)
         COMMENT TYPE 0: C251 V5.60.0
  .\Objects\main.obj (main)
         COMMENT TYPE 0: C251 V5.60.0
  .\Objects\system.obj (system)
         COMMENT TYPE 0: C251 V5.60.0
  D:\KEILMDK\C251\LIB\C2SFPXS.LIB (?C?FPMUL)
         COMMENT TYPE 0: A251 V4.69.6.0
  D:\KEILMDK\C251\LIB\C2SFPXS.LIB (?C?FPDIV)
         COMMENT TYPE 0: A251 V4.69.6.0
  D:\KEILMDK\C251\LIB\C2SFPXS.LIB (?C?FCAST)
         COMMENT TYPE 0: A251 V4.69.6.0
  D:\KEILMDK\C251\LIB\C2SFPXS.LIB (?C?CASTF)
         COMMENT TYPE 0: A251 V4.69.6.0
  D:\KEILMDK\C251\LIB\C2SFPXS.LIB (SPRINTF)
         COMMENT TYPE 0: A251 V4.69.6.0
  D:\KEILMDK\C251\LIB\C2SFPXS.LIB (?C?FPGETOPN)
         COMMENT TYPE 0: A251 V4.69.6.0
  D:\KEILMDK\C251\LIB\C2SFPXS.LIB (?C?PRNFMT)
         COMMENT TYPE 0: A251 V4.69.6.0
  D:\KEILMDK\C251\LIB\C2SFPXS.LIB (?C?FPCONVERT)
         COMMENT TYPE 0: A251 V4.69.6.0
  D:\KEILMDK\C251\LIB\C2SFPXS.LIB (?C?FTNPWR)
         COMMENT TYPE 0: A251 V4.69.6.0
  D:\KEILMDK\C251\LIB\C2SXS.LIB (?C_START)
         COMMENT TYPE 0: A251 V4.69.6.0
  D:\KEILMDK\C251\LIB\C2SXS.LIB (?C?INITEDATA)
         COMMENT TYPE 0: A251 V4.69.6.0
  D:\KEILMDK\C251\LIB\C2SXS.LIB (?C?INITHDATA)
         COMMENT TYPE 0: A251 V4.69.6.0
  D:\KEILMDK\C251\LIB\C2SXS.LIB (?C?SLDIV)
         COMMENT TYPE 0: A251 V4.69.6.0
  D:\KEILMDK\C251\LIB\C2SXS.LIB (STRLEN)
         COMMENT TYPE 0: C251 V5.58.7
  D:\KEILMDK\C251\LIB\C2SXS.LIB (memcpy)
         COMMENT TYPE 0: C251 V5.58.7
  D:\KEILMDK\C251\LIB\C2SXS.LIB (memset)
         COMMENT TYPE 0: C251 V5.58.7
  D:\KEILMDK\C251\LIB\C2SXS.LIB (?C?INITEDATA_END)
         COMMENT TYPE 0: A251 V4.69.6.0
  D:\KEILMDK\C251\LIB\C2SXS.LIB (?C?INITHDATA_END)
         COMMENT TYPE 0: A251 V4.69.6.0
L251 LINKER/LOCATER V4.66.93.0                                                        05/07/2024  18:43:57  PAGE 2


  D:\KEILMDK\C251\LIB\C2SXS.LIB (?C?ULDIV)
         COMMENT TYPE 0: A251 V4.69.6.0


ACTIVE MEMORY CLASSES OF MODULE:  .\Objects\QrjIo_Stc (adc12)

BASE        START       END         USED      MEMORY CLASS
==========================================================
000000H     000000H     000FFFH     0001DFH   EDATA
000000H     000000H     000FFFH               HDATA
FF0000H     FF0000H     FFFFFFH     001A03H   CODE
000000H     FF0000H     FFFFFFH     000273H   HCONST
000020H.0   000020H.0   00002FH.7   000000H.1 BIT
010000H     010000H     01FFFFH     00014BH   XDATA
FF0000H     FF0000H     FFFFFFH     000004H   CONST
000000H     000000H     00007FH     000008H   DATA


MEMORY MAP OF MODULE:  .\Objects\QrjIo_Stc (adc12)


START     STOP      LENGTH    ALIGN  RELOC    MEMORY CLASS   SEGMENT NAME
=========================================================================
000000H   000007H   000008H   ---    AT..     DATA           "REG BANK 0"
000008H   00000BH   000004H   BYTE   UNIT     EDATA          ?ED?UART
00000CH   00000DH   000002H   BYTE   UNIT     EDATA          ?ED?I2C
00000EH.0 00001FH.7 000012H.0 ---    ---      **GAP**
000020H.0 000020H.0 000000H.1 BIT    UNIT     BIT            ?BI?UART
000020H.1 000020H   000000H.7 ---    ---      **GAP**
000021H   0000BEH   00009EH   BYTE   UNIT     EDATA          ?ED?MAIN
0000BFH   0000F9H   00003BH   BYTE   UNIT     EDATA          _EDATA_GROUP_
0000FAH   0001F9H   000100H   BYTE   UNIT     EDATA          ?STACK
0001FAH   00FFFFH   00FE06H   ---    ---      **GAP**
010000H   0100CAH   0000CBH   BYTE   INSEG    XDATA          ?XD?MAIN
0100CBH   01014AH   000080H   BYTE   INSEG    XDATA          ?XD?UART
01014BH   FEFFFFH   FDFEB5H   ---    ---      **GAP**
FF0000H   FF0002H   000003H   ---    OFFS..   CODE           ?CO?start251?4
FF0003H   FF000AH   000008H   BYTE   INSEG    CODE           ?PR?POWEROFF?MAIN
FF000BH   FF000DH   000003H   ---    OFFS..   CODE           ?PR?IV?1
FF000EH   FF0020H   000013H   BYTE   INSEG    CODE           ?PR?TIMER0INT?MAIN
FF0021H   FF0022H   000002H   ---    ---      **GAP**
FF0023H   FF0025H   000003H   ---    OFFS..   CODE           ?PR?IV?4
FF0026H   FF0864H   00083FH   BYTE   UNIT     CODE           ?C?LIB_CODE
FF0865H   FF0B3AH   0002D6H   BYTE   INSEG    CODE           ?PR?READ4_20MA?MAIN
FF0B3BH   FF0D30H   0001F6H   BYTE   INSEG    CODE           ?PR?MCP4725_OUTVOL?MCP4725
FF0D31H   FF0F26H   0001F6H   BYTE   INSEG    CODE           ?PR?MCP4725_OUTVOL2?MCP4725
FF0F27H   FF100FH   0000E9H   BYTE   INSEG    CODE           ?PR?SENDCMD?MWPRO
FF1010H   FF10CFH   0000C0H   BYTE   INSEG    CODE           ?PR?OUTPUT?MAIN
FF10D0H   FF116FH   0000A0H   BYTE   INSEG    CODE           ?PR?OUTCTL?MAIN
FF1170H   FF11F9H   00008AH   BYTE   INSEG    CODE           ?PR?VALIDUARTFRAME?MWPRO
FF11FAH   FF1275H   00007CH   BYTE   INSEG    CODE           ?PR?TIMERTASK?MAIN
FF1276H   FF12ECH   000077H   BYTE   INSEG    CODE           ?PR?OUTFLASH?MAIN
FF12EDH   FF12FFH   000013H   BYTE   UNIT     CODE           ?C_C51STARTUP
FF1300H   FF1359H   00005AH   BYTE   UNIT     CODE           ?C_C51STARTUP?2
FF135AH   FF135CH   000003H   BYTE   UNIT     CODE           ?C_C51STARTUP?3
FF135DH   FF13BEH   000062H   BYTE   INSEG    CODE           ?PR?LAMPCTL?MAIN
FF13BFH   FF141DH   00005FH   BYTE   INSEG    CODE           ?PR?OUTTASK?MAIN
FF141EH   FF1475H   000058H   BYTE   INSEG    CODE           ?PR?MAIN?MAIN
FF1476H   FF14CDH   000058H   BYTE   INSEG    CODE           ?PR?IOCTL?MAIN
FF14CEH   FF1518H   00004BH   BYTE   INSEG    CODE           ?PR?UART1_INT?UART
FF1519H   FF1562H   00004AH   BYTE   INSEG    CODE           ?PR?HNDUARTFRAME?MAIN
FF1563H   FF15ABH   000049H   BYTE   INSEG    CODE           ?PR?GETVER?MAIN
FF15ACH   FF15F3H   000048H   BYTE   INSEG    CODE           ?PR?OUTVAL?MAIN
FF15F4H   FF1639H   000046H   BYTE   INSEG    CODE           ?PR?GETFLOW?MAIN
FF163AH   FF167EH   000045H   BYTE   INSEG    CODE           ?PR?HNDINPUT?MAIN
L251 LINKER/LOCATER V4.66.93.0                                                        05/07/2024  18:43:57  PAGE 3


FF167FH   FF16BDH   00003FH   BYTE   INSEG    CODE           ?PR?WORDTOSMALL?MAIN
FF16BEH   FF16F7H   00003AH   BYTE   INSEG    CODE           ?PR?UART1HND?UART
FF16F8H   FF1730H   000039H   BYTE   INSEG    CODE           ?PR?UART1_CONFIG?UART
FF1731H   FF1765H   000035H   BYTE   INSEG    CODE           ?PR?BCDTOHEX?MWPRO
FF1766H   FF1790H   00002BH   BYTE   INSEG    CODE           ?PR?IOINIT?IO
FF1791H   FF17B9H   000029H   BYTE   INSEG    CODE           ?PR?TASK_1S?MAIN
FF17BAH   FF17E1H   000028H   BYTE   INSEG    CODE           ?PR?SYSINIT?MAIN
FF17E2H   FF1807H   000026H   BYTE   INSEG    CODE           ?PR?POWERHND?MAIN
FF1808H   FF182CH   000025H   BYTE   INSEG    CODE           ?PR?MEMCPY?_?MEMCPY
FF182DH   FF184FH   000023H   BYTE   INSEG    CODE           ?PR?KEY_SCAN?MAIN
FF1850H   FF1872H   000023H   BYTE   INSEG    CODE           ?PR?SNDCTL?MAIN
FF1873H   FF1894H   000022H   BYTE   INSEG    CODE           ?PR?REPORTINPUT?MAIN
FF1895H   FF18B6H   000022H   BYTE   INSEG    CODE           ?PR?LEDINIT?MAIN
FF18B7H   FF18D8H   000022H   BYTE   INSEG    CODE           ?PR?RUNLED?MAIN
FF18D9H   FF18F6H   00001EH   BYTE   INSEG    CODE           ?PR?CHECKSUM?MWPRO
FF18F7H   FF1912H   00001CH   BYTE   INSEG    CODE           ?PR?GETINPUT?MAIN
FF1913H   FF192DH   00001BH   BYTE   INSEG    CODE           ?PR?UART1SEND?UART
FF192EH   FF1947H   00001AH   BYTE   INSEG    CODE           ?PR?BUMP_ONOFF?MAIN
FF1948H   FF1961H   00001AH   BYTE   INSEG    CODE           ?PR?MEMSET?_?MEMSET
FF1962H   FF1978H   000017H   BYTE   INSEG    CODE           ?PR?OUT4_20MA?MAIN
FF1979H   FF198FH   000017H   BYTE   INSEG    CODE           ?PR?OUT4_20MA_2?MAIN
FF1990H   FF19A6H   000017H   BYTE   INSEG    CODE           ?PR?DELAY?MAIN
FF19A7H   FF19BCH   000016H   BYTE   INSEG    CODE           ?PR?CLEARUART1BUF?UART
FF19BDH   FF19D2H   000016H   BYTE   INSEG    CODE           ?PR?CLEARREVBUF?MAIN
FF19D3H   FF19E0H   00000EH   BYTE   INSEG    CODE           ?PR?TIMER0INIT?MAIN
FF19E1H   FF19EEH   00000EH   BYTE   INSEG    CODE           ?PR?STRLEN?_?STRLEN
FF19EFH   FF19F9H   00000BH   BYTE   INSEG    CODE           ?PR?DELAY_US?I2C
FF19FAH   FF1A04H   00000BH   BYTE   INSEG    CODE           ?PR?HNDUARTDATA?MAIN
FF1A05H   FF1A08H   000004H   BYTE   UNIT     CONST          ?CO?PRINTF
FF1A09H   FF1B59H   000151H   BYTE   UNIT     HCONST         ?C_INITHDATA
FF1B5AH   FF1C62H   000109H   BYTE   UNIT     HCONST         ?C_INITEDATA
FF1C63H   FF1C73H   000011H   BYTE   UNIT     HCONST         ?HC?MAIN
FF1C74H   FF1C7BH   000008H   BYTE   UNIT     HCONST         ?HC?MWPRO

* * * * * * * * *   R E M O V E D     S E G M E N T S   * * * * * * * *
   *DEL*:           00000DH   BYTE   INSEG    CODE           ?PR?PUTCHAR?UART
   *DEL*:           000016H   BYTE   INSEG    CODE           ?PR?ERROR?MAIN
   *DEL*:           00004FH   BYTE   INSEG    CODE           ?PR?FLOATTOSMALL?MAIN
   *DEL*:           00004FH   BYTE   INSEG    CODE           ?PR?DWORDTOSMALL?MAIN
   *DEL*:           00000CH   BYTE   UNIT     EDATA          ?ED?FLOATTOSMALL?MAIN
   *DEL*:           00000CH   BYTE   UNIT     EDATA          ?ED?DWORDTOSMALL?MAIN



OVERLAY MAP OF MODULE:   .\Objects\QrjIo_Stc (adc12)


FUNCTION/MODULE              EDATA_GROUP
--> CALLED FUNCTION/MODULE   START  STOP
========================================
UART1_int/Uart               ----- -----

*** NEW ROOT ***************

Timer0Int/main               ----- -----

*** NEW ROOT ***************

?C_C51STARTUP                ----- -----

*** NEW ROOT ***************

?C_C51STARTUP?3              ----- -----
  +--> main/main

L251 LINKER/LOCATER V4.66.93.0                                                        05/07/2024  18:43:57  PAGE 4


main/main                    ----- -----
  +--> SysInit/main
  +--> IoInit/io
  +--> OutVal/main
  +--> LedInit/main
  +--> Delay/main
  +--> Timer0Init/main
  +--> UART1_config/Uart
  +--> ClearUart1Buf/Uart
  +--> Out4_20ma/main
  +--> Out4_20ma_2/main
  +--> OutCtl/main
  +--> TimerTask/main
  +--> HndInput/main
  +--> Uart1Hnd/Uart
  +--> ReportInput/main

SysInit/main                 ----- -----

IoInit/io                    ----- -----

OutVal/main                  ----- -----
  +--> Output/main

Output/main                  ----- -----
  +--> Bump_ONOFF/main

Bump_ONOFF/main              ----- -----

LedInit/main                 ----- -----
  +--> Bump_ONOFF/main

Delay/main                   ----- -----

Timer0Init/main              ----- -----

UART1_config/Uart            ----- -----

ClearUart1Buf/Uart           ----- -----
  +--> memset?_/memset

memset?_/memset              ----- -----

Out4_20ma/main               ----- -----
  +--> MCP4725_OutVol/mcp4725

MCP4725_OutVol/mcp4725       00BFH 00C2H
  +--> ?C?SLDIV/?C?SLDIV
  +--> delay_us/i2c

?C?SLDIV/?C?SLDIV            ----- -----
  +--> ?C?ULIDIV/?C?ULDIV

?C?ULIDIV/?C?ULDIV           ----- -----

delay_us/i2c                 ----- -----

Out4_20ma_2/main             ----- -----
  +--> MCP4725_OutVol2/mcp4725

MCP4725_OutVol2/mcp4725      00BFH 00C2H
  +--> ?C?SLDIV/?C?SLDIV
  +--> delay_us/i2c

OutCtl/main                  ----- -----
L251 LINKER/LOCATER V4.66.93.0                                                        05/07/2024  18:43:57  PAGE 5



TimerTask/main               ----- -----
  +--> Task_1s/main
  +--> OutTask/main
  +--> RunLed/main

Task_1s/main                 ----- -----

OutTask/main                 ----- -----
  +--> OutFlash/main
  +--> OutVal/main

OutFlash/main                ----- -----
  +--> Output/main

RunLed/main                  ----- -----

HndInput/main                ----- -----
  +--> Key_Scan/main
  +--> GetInput/main
  +--> PowerHnd/main
  +--> Delay/main

Key_Scan/main                ----- -----
  +--> Delay/main
  +--> OutCtl/main

GetInput/main                ----- -----

PowerHnd/main                00D2H 00D2H
  +--> OutVal/main
  +--> PowerOff/main

PowerOff/main                ----- -----
  +--> IoInit/io

Uart1Hnd/Uart                ----- -----
  +--> memcpy?_/memcpy
  +--> HndUartData/main
  +--> ClearUart1Buf/Uart

memcpy?_/memcpy              ----- -----

HndUartData/main             ----- -----
  +--> ValidUartFrame/MwPro
  +--> HndUartFrame/main
  +--> ClearRevBuf/main

ValidUartFrame/MwPro         ----- -----
  +--> CheckSum/MwPro
  +--> BcdToHex/MwPro

CheckSum/MwPro               ----- -----

BcdToHex/MwPro               ----- -----

HndUartFrame/main            ----- -----
  +--> LampCtl/main
  +--> SndCtl/main
  +--> IoCtl/main
  +--> GetVer/main
  +--> GetFlow/main
  +--> Out4_20ma/main
  +--> Read4_20ma/main
  +--> Out4_20ma_2/main
L251 LINKER/LOCATER V4.66.93.0                                                        05/07/2024  18:43:57  PAGE 6



LampCtl/main                 00BFH 00C3H
  +--> memcpy?_/memcpy
  +--> OutCtl/main

SndCtl/main                  ----- -----
  +--> OutCtl/main

IoCtl/main                   00BFH 00C2H
  +--> memcpy?_/memcpy
  +--> OutCtl/main

GetVer/main                  00BFH 00C6H
  +--> strlen?_/STRLEN
  +--> memcpy?_/memcpy
  +--> SendCmd/MwPro

strlen?_/STRLEN              ----- -----

SendCmd/MwPro                00C7H 00D1H
  +--> memset?_/memset
  +--> memcpy?_/memcpy
  +--> CheckSum/MwPro
  +--> SPRINTF/SPRINTF
  +--> TimerTask/main
  +--> HndInput/main
  +--> Uart1Send/Uart

SPRINTF/SPRINTF              00D2H 00F9H
  +--> OUT/SPRINTF

OUT/SPRINTF                  ----- -----
  +--> PUTCH/SPRINTF

PUTCH/SPRINTF                ----- -----

Uart1Send/Uart               ----- -----

GetFlow/main                 00BFH 00C6H
  +--> WordToSmall/main
  +--> SendCmd/MwPro

WordToSmall/main             00C7H 00CCH
  +--> memcpy?_/memcpy

Read4_20ma/main              00BFH 00C3H
  +--> delay_us/i2c
  +--> SendCmd/MwPro

ClearRevBuf/main             ----- -----
  +--> memset?_/memset

ReportInput/main             ----- -----
  +--> SendCmd/MwPro

*** NEW ROOT ***************

?C_C51STARTUP?2              ----- -----



PUBLIC SYMBOLS OF MODULE:  .\Objects\QrjIo_Stc (adc12)


      VALUE       CLASS    TYPE      PUBLIC SYMBOL NAME
L251 LINKER/LOCATER V4.66.93.0                                                        05/07/2024  18:43:57  PAGE 7


      =================================================
      00FF0184H   CODE     NEAR LAB  ?C?CASTF
      000000FFH   NUMBER   ---       ?C?CODESEG
      00FF0151H   CODE     NEAR LAB  ?C?FCASTC
      00FF014CH   CODE     NEAR LAB  ?C?FCASTI
      00FF0147H   CODE     NEAR LAB  ?C?FCASTL
      00FF067CH   CODE     ---       ?C?FPCONVERT
      00FF00C6H   CODE     ---       ?C?FPDIV
      00FF01E1H   CODE     ---       ?C?FPGETOPN2
      00FF0026H   CODE     ---       ?C?FPMUL
      00FF021EH   CODE     ---       ?C?FPNANRESULT
      00FF0226H   CODE     ---       ?C?FPOVERFLOW
      00FF01FAH   CODE     ---       ?C?FPRESULT
      00FF0210H   CODE     ---       ?C?FPRESULT2
      00FF0734H   CODE     ---       ?C?FPROUND
      00FF0223H   CODE     ---       ?C?FPUNDERFLOW
      00FF07A7H   CODE     ---       ?C?FTNPWR
      00FF1300H   CODE     ---       ?C?INITEDATA
      00FF1C61H   HCONST   WORD      ?C?INITEDATA_END
      00FF1329H   CODE     ---       ?C?INITHDATA
      00FF1B58H   HCONST   WORD      ?C?INITHDATA_END
      00FF025FH   CODE     ---       ?C?PRNFMT
      00FF07DEH   CODE     NEAR LAB  ?C?SLDIV
      00FF0000H   CODE     ---       ?C?STARTUP
      00FF0814H   CODE     NEAR LAB  ?C?ULDIV
      00FF0812H   CODE     NEAR LAB  ?C?ULIDIV
      00000001H   NUMBER   ---       ?C?XDATASEG
      00FF0000H   CODE     ---       ?C_STARTUP
      000000FAH   EDATA    ---       ?sprintf?BYTE
*SFR* 000000BCH   DATA     BYTE      ADC_CONTR
*SFR* 000000DEH   DATA     BYTE      ADCCFG
*SFR* 000000EFH   DATA     BYTE      AUXINTIF
*SFR* 0000008EH   DATA     BYTE      AUXR
*SFR* 00000097H   DATA     BYTE      AUXR2
      00000020H.0 BIT      BIT       B_TX1_Busy
      00FF1731H   CODE     ---       BcdToHex
      00FF192EH   CODE     ---       Bump_ONOFF
*SFR* 000000F1H   DATA     BYTE      CANICR
      00FF18D9H   CODE     ---       CheckSum
      00FF19BDH   CODE     ---       ClearRevBuf
      00FF19A7H   CODE     ---       ClearUart1Buf
*SFR* 000000C1H.4 DATA     BIT       CLR_WDT
*SFR* 000000E6H   DATA     BYTE      CMPCR1
*SFR* 000000E7H   DATA     BYTE      CMPCR2
      00000028H   EDATA    WORD      CommIdleTime
      00FF1990H   CODE     ---       Delay
      00FF19EFH   CODE     ---       delay_us
*DEL*:00000000H   CODE     ---       DwordToSmall
*SFR* 000000A8H.7 DATA     BIT       EA
*SFR* 000000BAH.7 DATA     BIT       EAXFR
*DEL*:00000000H   CODE     ---       Error
*SFR* 000000A8H.4 DATA     BIT       ES
*SFR* 000000A8H.1 DATA     BIT       ET0
*SFR* 000000A8H.3 DATA     BIT       ET1
      00010000H   XDATA    ---       FlashIoTimer
*DEL*:00000000H   CODE     ---       FloatToSmall
      000100C0H   XDATA    ---       g_BaseInfo
      0000002BH   EDATA    BYTE      g_Key_Confrom
      00FF15F4H   CODE     ---       GetFlow
      00FF18F7H   CODE     ---       GetInput
      00FF1563H   CODE     ---       GetVer
      00FF163AH   CODE     ---       HndInput
      00FF19FAH   CODE     ---       HndUartData
      00FF1519H   CODE     ---       HndUartFrame
*SFR* 000000C7H   DATA     BYTE      IAP_CONTR
L251 LINKER/LOCATER V4.66.93.0                                                        05/07/2024  18:43:57  PAGE 8


*SFR* 000000A8H   DATA     BYTE      IE
*SFR* 000000AFH   DATA     BYTE      IE2
      000000B9H   EDATA    BYTE      Input_Status
      00000026H   EDATA    BYTE      InputReport
      00000027H   EDATA    BYTE      InputStatus
*SFR* 0000008FH   DATA     BYTE      INTCLKO
      00FF1476H   CODE     ---       IoCtl
      00FF1766H   CODE     ---       IoInit
*SFR* 000000B8H   DATA     BYTE      IP
*SFR* 000000B5H   DATA     BYTE      IP2
*SFR* 000000B6H   DATA     BYTE      IP2H
*SFR* 000000DFH   DATA     BYTE      IP3
*SFR* 000000EEH   DATA     BYTE      IP3H
*SFR* 000000B7H   DATA     BYTE      IPH
*SFR* 0000009DH   DATA     BYTE      IRCBAND
      00FF182DH   CODE     ---       Key_Scan
      00FF135DH   CODE     ---       LampCtl
      00FF1895H   CODE     ---       LedInit
*SFR* 000000F9H   DATA     BYTE      LINICR
      00FF141EH   CODE     ---       main
      00FF0B3BH   CODE     ---       MCP4725_OutVol
      00FF0D31H   CODE     ---       MCP4725_OutVol2
      00FF1808H   CODE     ---       memcpy?_
      00FF1948H   CODE     ---       memset?_
      000000AEH   EDATA    BYTE      NeedGetFlow
      00FF1962H   CODE     ---       Out4_20ma
      00FF1979H   CODE     ---       Out4_20ma_2
      00FF10D0H   CODE     ---       OutCtl
      00FF1276H   CODE     ---       OutFlash
      000000AFH   EDATA    WORD      OutMode
      00FF1010H   CODE     ---       Output
      000000B1H   EDATA    WORD      OutStatus
      00FF13BFH   CODE     ---       OutTask
      00FF15ACH   CODE     ---       OutVal
*SFR* 00000080H   DATA     BYTE      P0
*SFR* 00000094H   DATA     BYTE      P0M0
*SFR* 00000093H   DATA     BYTE      P0M1
*SFR* 00000090H   DATA     BYTE      P1
      0000000CH   EDATA    BYTE      P1DIR
*SFR* 00000092H   DATA     BYTE      P1M0
*SFR* 00000091H   DATA     BYTE      P1M1
*SFR* 000000A0H   DATA     BYTE      P2
*SFR* 00000096H   DATA     BYTE      P2M0
*SFR* 00000095H   DATA     BYTE      P2M1
*SFR* 000000B0H   DATA     BYTE      P3
*SFR* 000000B2H   DATA     BYTE      P3M0
*SFR* 000000B1H   DATA     BYTE      P3M1
*SFR* 000000C0H   DATA     BYTE      P4
      0000000DH   EDATA    BYTE      P4DIR
*SFR* 000000B4H   DATA     BYTE      P4M0
*SFR* 000000B3H   DATA     BYTE      P4M1
*SFR* 000000C8H   DATA     BYTE      P5
*SFR* 000000CAH   DATA     BYTE      P5M0
*SFR* 000000C9H   DATA     BYTE      P5M1
*SFR* 000000E8H   DATA     BYTE      P6
*SFR* 000000F8H   DATA     BYTE      P7
*SFR* 000000A2H   DATA     BYTE      P_SW1
*SFR* 000000BAH   DATA     BYTE      P_SW2
*SFR* 000000BBH   DATA     BYTE      P_SW3
      000100C8H   XDATA    ---       Paper
      0000002AH   EDATA    BYTE      PaperErr
      00000024H   EDATA    WORD      PaperPluse
      00000021H   EDATA    WORD      PaperTimer
*SFR* 00000087H   DATA     BYTE      PCON
      00FF17E2H   CODE     ---       PowerHnd
L251 LINKER/LOCATER V4.66.93.0                                                        05/07/2024  18:43:57  PAGE 9


      00FF0003H   CODE     ---       PowerOff
*SFR* 000000D0H   DATA     BYTE      PSW
*DEL*:00000000H   CODE     ---       putchar
      00FF0865H   CODE     ---       Read4_20ma
      00000023H   EDATA    BYTE      RecLength
      00010040H   XDATA    ---       RecvBuf
*SFR* 00000098H.4 DATA     BIT       REN
      00FF1873H   CODE     ---       ReportInput
*SFR* 00000098H.0 DATA     BIT       RI
*SFR* 000000FFH   DATA     BYTE      RSTCFG
      00FF18B7H   CODE     ---       RunLed
      000000B3H   EDATA    WORD      RunTime
      000100CBH   XDATA    ---       RX1_Buffer
      0000000AH   EDATA    BYTE      RX1_Cnt
      00000008H   EDATA    WORD      Rx1_Timer
*SFR* 0000009AH   DATA     BYTE      S2CON
*SFR* 000000ACH   DATA     BYTE      S3CON
*SFR* 000000FDH   DATA     BYTE      S4CON
*SFR* 00000099H   DATA     BYTE      SBUF
*SFR* 00000098H   DATA     BYTE      SCON
      0000002CH   EDATA    ---       SendBuf
      00FF0F27H   CODE     ---       SendCmd
      00FF1850H   CODE     ---       SndCtl
*SFR* 000000CEH   DATA     BYTE      SPCTL
      00FF01C1H   CODE     NEAR LAB  sprintf
*SFR* 000000CDH   DATA     BYTE      SPSTAT
      00FF19E1H   CODE     ---       strlen?_
      00FF17BAH   CODE     ---       SysInit
*SFR* 000000DDH   DATA     BYTE      T4T3M
      000000ACH   EDATA    WORD      Task1s
      00FF1791H   CODE     ---       Task_1s
*SFR* 00000088H   DATA     BYTE      TCON
*SFR* 0000008CH   DATA     BYTE      TH0
*SFR* 0000008DH   DATA     BYTE      TH1
*SFR* 00000098H.1 DATA     BIT       TI
      000000B5H   EDATA    WORD      Timer0Cnt
      00FF19D3H   CODE     ---       Timer0Init
      00FF000EH   CODE     ---       Timer0Int
      00FF11FAH   CODE     ---       TimerTask
*SFR* 0000008AH   DATA     BYTE      TL0
*SFR* 0000008BH   DATA     BYTE      TL1
*SFR* 00000089H   DATA     BYTE      TMOD
*SFR* 00000088H.4 DATA     BIT       TR0
*SFR* 00000088H.6 DATA     BIT       TR1
      0000000BH   EDATA    BYTE      TX1_Cnt
      00FF16F8H   CODE     ---       UART1_config
      00FF14CEH   CODE     ---       UART1_int
      00FF16BEH   CODE     ---       Uart1Hnd
      00FF1913H   CODE     ---       Uart1Send
*SFR* 000000F4H   DATA     BYTE      USBCON
      00FF1170H   CODE     ---       ValidUartFrame
*SFR* 000000C1H   DATA     BYTE      WDT_CONTR
      00FF167FH   CODE     ---       WordToSmall
*SFR* 000000E9H   DATA     BYTE      WTST



SYMBOL TABLE OF MODULE:  .\Objects\QrjIo_Stc (adc12)

      VALUE       REP       CLASS    TYPE      SYMBOL NAME
      ====================================================
      ---         MODULE    ---      ---       adc12
      000000D0H   SFRSYM    DATA     BYTE      PSW
      0000009DH   SFRSYM    DATA     BYTE      IRCBAND
      00000097H   SFRSYM    DATA     BYTE      AUXR2
L251 LINKER/LOCATER V4.66.93.0                                                        05/07/2024  18:43:57  PAGE 10


      000000EFH   SFRSYM    DATA     BYTE      AUXINTIF
      000000FDH   SFRSYM    DATA     BYTE      S4CON
      000000ACH   SFRSYM    DATA     BYTE      S3CON
      0000009AH   SFRSYM    DATA     BYTE      S2CON
      000000B7H   SFRSYM    DATA     BYTE      IPH
      000000CDH   SFRSYM    DATA     BYTE      SPSTAT
      000000DDH   SFRSYM    DATA     BYTE      T4T3M
      000000C1H   SFRSYM    DATA     BYTE      WDT_CONTR
      000000DFH   SFRSYM    DATA     BYTE      IP3
      000000F4H   SFRSYM    DATA     BYTE      USBCON
      000000B5H   SFRSYM    DATA     BYTE      IP2
      000000FFH   SFRSYM    DATA     BYTE      RSTCFG
      000000C7H   SFRSYM    DATA     BYTE      IAP_CONTR
      000000F9H   SFRSYM    DATA     BYTE      LINICR
      0000008EH   SFRSYM    DATA     BYTE      AUXR
      000000AFH   SFRSYM    DATA     BYTE      IE2
      00000088H   SFRSYM    DATA     BYTE      TCON
      00000089H   SFRSYM    DATA     BYTE      TMOD
      00000098H   SFRSYM    DATA     BYTE      SCON
      000000F1H   SFRSYM    DATA     BYTE      CANICR
      00000087H   SFRSYM    DATA     BYTE      PCON
      000000BCH   SFRSYM    DATA     BYTE      ADC_CONTR
      000000E7H   SFRSYM    DATA     BYTE      CMPCR2
      000000E6H   SFRSYM    DATA     BYTE      CMPCR1
      000000DEH   SFRSYM    DATA     BYTE      ADCCFG
      000000B8H   SFRSYM    DATA     BYTE      IP
      0000008FH   SFRSYM    DATA     BYTE      INTCLKO
      000000EEH   SFRSYM    DATA     BYTE      IP3H
      000000B6H   SFRSYM    DATA     BYTE      IP2H
      000000A8H   SFRSYM    DATA     BYTE      IE
      000000BBH   SFRSYM    DATA     BYTE      P_SW3
      000000BAH   SFRSYM    DATA     BYTE      P_SW2
      000000A2H   SFRSYM    DATA     BYTE      P_SW1
      000000CEH   SFRSYM    DATA     BYTE      SPCTL
      000000F8H   SFRSYM    DATA     BYTE      P7
      000000E8H   SFRSYM    DATA     BYTE      P6
      000000C8H   SFRSYM    DATA     BYTE      P5
      000000C0H   SFRSYM    DATA     BYTE      P4
      000000B0H   SFRSYM    DATA     BYTE      P3
      000000A0H   SFRSYM    DATA     BYTE      P2
      00000090H   SFRSYM    DATA     BYTE      P1
      00000080H   SFRSYM    DATA     BYTE      P0

      ---         MODULE    ---      ---       ads1110
      000000D0H   SFRSYM    DATA     BYTE      PSW
      0000009DH   SFRSYM    DATA     BYTE      IRCBAND
      00000097H   SFRSYM    DATA     BYTE      AUXR2
      000000EFH   SFRSYM    DATA     BYTE      AUXINTIF
      000000FDH   SFRSYM    DATA     BYTE      S4CON
      000000ACH   SFRSYM    DATA     BYTE      S3CON
      0000009AH   SFRSYM    DATA     BYTE      S2CON
      000000B7H   SFRSYM    DATA     BYTE      IPH
      000000CDH   SFRSYM    DATA     BYTE      SPSTAT
      000000DDH   SFRSYM    DATA     BYTE      T4T3M
      000000C1H   SFRSYM    DATA     BYTE      WDT_CONTR
      000000DFH   SFRSYM    DATA     BYTE      IP3
      000000F4H   SFRSYM    DATA     BYTE      USBCON
      000000B5H   SFRSYM    DATA     BYTE      IP2
      000000FFH   SFRSYM    DATA     BYTE      RSTCFG
      000000C7H   SFRSYM    DATA     BYTE      IAP_CONTR
      000000F9H   SFRSYM    DATA     BYTE      LINICR
      0000008EH   SFRSYM    DATA     BYTE      AUXR
      000000AFH   SFRSYM    DATA     BYTE      IE2
      00000088H   SFRSYM    DATA     BYTE      TCON
      00000089H   SFRSYM    DATA     BYTE      TMOD
L251 LINKER/LOCATER V4.66.93.0                                                        05/07/2024  18:43:57  PAGE 11


      00000098H   SFRSYM    DATA     BYTE      SCON
      000000F1H   SFRSYM    DATA     BYTE      CANICR
      00000087H   SFRSYM    DATA     BYTE      PCON
      000000BCH   SFRSYM    DATA     BYTE      ADC_CONTR
      000000E7H   SFRSYM    DATA     BYTE      CMPCR2
      000000E6H   SFRSYM    DATA     BYTE      CMPCR1
      000000DEH   SFRSYM    DATA     BYTE      ADCCFG
      000000B8H   SFRSYM    DATA     BYTE      IP
      0000008FH   SFRSYM    DATA     BYTE      INTCLKO
      000000EEH   SFRSYM    DATA     BYTE      IP3H
      000000B6H   SFRSYM    DATA     BYTE      IP2H
      000000A8H   SFRSYM    DATA     BYTE      IE
      000000BBH   SFRSYM    DATA     BYTE      P_SW3
      000000BAH   SFRSYM    DATA     BYTE      P_SW2
      000000A2H   SFRSYM    DATA     BYTE      P_SW1
      000000CEH   SFRSYM    DATA     BYTE      SPCTL
      000000F8H   SFRSYM    DATA     BYTE      P7
      000000E8H   SFRSYM    DATA     BYTE      P6
      000000C8H   SFRSYM    DATA     BYTE      P5
      000000C0H   SFRSYM    DATA     BYTE      P4
      000000B0H   SFRSYM    DATA     BYTE      P3
      000000A0H   SFRSYM    DATA     BYTE      P2
      00000090H   SFRSYM    DATA     BYTE      P1
      00000080H   SFRSYM    DATA     BYTE      P0

      ---         MODULE    ---      ---       i2c
      00FF19EFH   PUBLIC    CODE     ---       delay_us
      0000000CH   PUBLIC    EDATA    BYTE      P1DIR
      0000000DH   PUBLIC    EDATA    BYTE      P4DIR
      000000D0H   SFRSYM    DATA     BYTE      PSW
      0000009DH   SFRSYM    DATA     BYTE      IRCBAND
      00000097H   SFRSYM    DATA     BYTE      AUXR2
      000000EFH   SFRSYM    DATA     BYTE      AUXINTIF
      000000FDH   SFRSYM    DATA     BYTE      S4CON
      000000ACH   SFRSYM    DATA     BYTE      S3CON
      0000009AH   SFRSYM    DATA     BYTE      S2CON
      000000B7H   SFRSYM    DATA     BYTE      IPH
      000000CDH   SFRSYM    DATA     BYTE      SPSTAT
      000000DDH   SFRSYM    DATA     BYTE      T4T3M
      000000C1H   SFRSYM    DATA     BYTE      WDT_CONTR
      000000DFH   SFRSYM    DATA     BYTE      IP3
      000000F4H   SFRSYM    DATA     BYTE      USBCON
      000000B5H   SFRSYM    DATA     BYTE      IP2
      000000FFH   SFRSYM    DATA     BYTE      RSTCFG
      000000C7H   SFRSYM    DATA     BYTE      IAP_CONTR
      000000F9H   SFRSYM    DATA     BYTE      LINICR
      0000008EH   SFRSYM    DATA     BYTE      AUXR
      000000AFH   SFRSYM    DATA     BYTE      IE2
      00000088H   SFRSYM    DATA     BYTE      TCON
      00000089H   SFRSYM    DATA     BYTE      TMOD
      00000098H   SFRSYM    DATA     BYTE      SCON
      000000F1H   SFRSYM    DATA     BYTE      CANICR
      00000087H   SFRSYM    DATA     BYTE      PCON
      000000BCH   SFRSYM    DATA     BYTE      ADC_CONTR
      000000E7H   SFRSYM    DATA     BYTE      CMPCR2
      000000E6H   SFRSYM    DATA     BYTE      CMPCR1
      000000DEH   SFRSYM    DATA     BYTE      ADCCFG
      000000B8H   SFRSYM    DATA     BYTE      IP
      0000008FH   SFRSYM    DATA     BYTE      INTCLKO
      000000EEH   SFRSYM    DATA     BYTE      IP3H
      000000B6H   SFRSYM    DATA     BYTE      IP2H
      000000A8H   SFRSYM    DATA     BYTE      IE
      000000BBH   SFRSYM    DATA     BYTE      P_SW3
      000000BAH   SFRSYM    DATA     BYTE      P_SW2
      000000A2H   SFRSYM    DATA     BYTE      P_SW1
L251 LINKER/LOCATER V4.66.93.0                                                        05/07/2024  18:43:57  PAGE 12


      000000CEH   SFRSYM    DATA     BYTE      SPCTL
      000000F8H   SFRSYM    DATA     BYTE      P7
      000000E8H   SFRSYM    DATA     BYTE      P6
      000000C8H   SFRSYM    DATA     BYTE      P5
      000000C0H   SFRSYM    DATA     BYTE      P4
      000000B0H   SFRSYM    DATA     BYTE      P3
      000000A0H   SFRSYM    DATA     BYTE      P2
      00000090H   SFRSYM    DATA     BYTE      P1
      00000080H   SFRSYM    DATA     BYTE      P0

      00FF19EFH   BLOCK     CODE     ---       LVL=0
      R7          REGSYM    ---      BYTE      us
      00FF19EFH   LINE      CODE     ---       #7
      00FF19F1H   LINE      CODE     ---       #9
      00FF19F1H   LINE      CODE     ---       #12
      00FF19F9H   LINE      CODE     ---       #13
      ---         BLOCKEND  ---      ---       LVL=0

      ---         MODULE    ---      ---       io
      00FF1766H   PUBLIC    CODE     ---       IoInit
      00000094H   SFRSYM    DATA     BYTE      P0M0
      000000D0H   SFRSYM    DATA     BYTE      PSW
      000000BAH.7 SFRSYM    DATA     BIT       EAXFR
      0000009DH   SFRSYM    DATA     BYTE      IRCBAND
      00000097H   SFRSYM    DATA     BYTE      AUXR2
      000000EFH   SFRSYM    DATA     BYTE      AUXINTIF
      000000FDH   SFRSYM    DATA     BYTE      S4CON
      000000ACH   SFRSYM    DATA     BYTE      S3CON
      0000009AH   SFRSYM    DATA     BYTE      S2CON
      000000B7H   SFRSYM    DATA     BYTE      IPH
      000000CDH   SFRSYM    DATA     BYTE      SPSTAT
      000000DDH   SFRSYM    DATA     BYTE      T4T3M
      000000C1H   SFRSYM    DATA     BYTE      WDT_CONTR
      000000E9H   SFRSYM    DATA     BYTE      WTST
      000000DFH   SFRSYM    DATA     BYTE      IP3
      000000F4H   SFRSYM    DATA     BYTE      USBCON
      000000B5H   SFRSYM    DATA     BYTE      IP2
      000000FFH   SFRSYM    DATA     BYTE      RSTCFG
      000000C7H   SFRSYM    DATA     BYTE      IAP_CONTR
      000000F9H   SFRSYM    DATA     BYTE      LINICR
      0000008EH   SFRSYM    DATA     BYTE      AUXR
      000000AFH   SFRSYM    DATA     BYTE      IE2
      00000088H   SFRSYM    DATA     BYTE      TCON
      00000089H   SFRSYM    DATA     BYTE      TMOD
      00000098H   SFRSYM    DATA     BYTE      SCON
      000000F1H   SFRSYM    DATA     BYTE      CANICR
      00000087H   SFRSYM    DATA     BYTE      PCON
      000000BCH   SFRSYM    DATA     BYTE      ADC_CONTR
      000000E7H   SFRSYM    DATA     BYTE      CMPCR2
      000000E6H   SFRSYM    DATA     BYTE      CMPCR1
      000000DEH   SFRSYM    DATA     BYTE      ADCCFG
      000000B8H   SFRSYM    DATA     BYTE      IP
      0000008FH   SFRSYM    DATA     BYTE      INTCLKO
      000000EEH   SFRSYM    DATA     BYTE      IP3H
      000000B6H   SFRSYM    DATA     BYTE      IP2H
      000000A8H   SFRSYM    DATA     BYTE      IE
      000000BBH   SFRSYM    DATA     BYTE      P_SW3
      000000BAH   SFRSYM    DATA     BYTE      P_SW2
      000000A2H   SFRSYM    DATA     BYTE      P_SW1
      000000CEH   SFRSYM    DATA     BYTE      SPCTL
      000000F8H   SFRSYM    DATA     BYTE      P7
      000000E8H   SFRSYM    DATA     BYTE      P6
      000000C8H   SFRSYM    DATA     BYTE      P5
      000000C0H   SFRSYM    DATA     BYTE      P4
      000000C9H   SFRSYM    DATA     BYTE      P5M1
L251 LINKER/LOCATER V4.66.93.0                                                        05/07/2024  18:43:57  PAGE 13


      000000B0H   SFRSYM    DATA     BYTE      P3
      000000B3H   SFRSYM    DATA     BYTE      P4M1
      000000CAH   SFRSYM    DATA     BYTE      P5M0
      000000A0H   SFRSYM    DATA     BYTE      P2
      000000B1H   SFRSYM    DATA     BYTE      P3M1
      000000B4H   SFRSYM    DATA     BYTE      P4M0
      00000090H   SFRSYM    DATA     BYTE      P1
      00000095H   SFRSYM    DATA     BYTE      P2M1
      000000B2H   SFRSYM    DATA     BYTE      P3M0
      00000080H   SFRSYM    DATA     BYTE      P0
      00000091H   SFRSYM    DATA     BYTE      P1M1
      00000096H   SFRSYM    DATA     BYTE      P2M0
      00000092H   SFRSYM    DATA     BYTE      P1M0
      00000093H   SFRSYM    DATA     BYTE      P0M1

      00FF1766H   BLOCK     CODE     ---       LVL=0
      00FF1766H   LINE      CODE     ---       #4
      00FF1766H   LINE      CODE     ---       #6
      00FF1769H   LINE      CODE     ---       #7
      00FF176CH   LINE      CODE     ---       #20
      00FF1772H   LINE      CODE     ---       #21
      00FF1778H   LINE      CODE     ---       #24
      00FF177EH   LINE      CODE     ---       #25
      00FF1784H   LINE      CODE     ---       #26
      00FF178AH   LINE      CODE     ---       #29
      00FF1790H   LINE      CODE     ---       #35
      ---         BLOCKEND  ---      ---       LVL=0

      ---         MODULE    ---      ---       mcp4725
      00FF0B3BH   PUBLIC    CODE     ---       MCP4725_OutVol
      00FF0D31H   PUBLIC    CODE     ---       MCP4725_OutVol2
      000000D0H   SFRSYM    DATA     BYTE      PSW
      0000009DH   SFRSYM    DATA     BYTE      IRCBAND
      00000097H   SFRSYM    DATA     BYTE      AUXR2
      000000EFH   SFRSYM    DATA     BYTE      AUXINTIF
      000000FDH   SFRSYM    DATA     BYTE      S4CON
      000000ACH   SFRSYM    DATA     BYTE      S3CON
      0000009AH   SFRSYM    DATA     BYTE      S2CON
      000000B7H   SFRSYM    DATA     BYTE      IPH
      000000CDH   SFRSYM    DATA     BYTE      SPSTAT
      000000DDH   SFRSYM    DATA     BYTE      T4T3M
      000000C1H   SFRSYM    DATA     BYTE      WDT_CONTR
      000000DFH   SFRSYM    DATA     BYTE      IP3
      000000F4H   SFRSYM    DATA     BYTE      USBCON
      000000B5H   SFRSYM    DATA     BYTE      IP2
      000000FFH   SFRSYM    DATA     BYTE      RSTCFG
      000000C7H   SFRSYM    DATA     BYTE      IAP_CONTR
      000000F9H   SFRSYM    DATA     BYTE      LINICR
      0000008EH   SFRSYM    DATA     BYTE      AUXR
      000000AFH   SFRSYM    DATA     BYTE      IE2
      00000088H   SFRSYM    DATA     BYTE      TCON
      00000089H   SFRSYM    DATA     BYTE      TMOD
      00000098H   SFRSYM    DATA     BYTE      SCON
      000000F1H   SFRSYM    DATA     BYTE      CANICR
      00000087H   SFRSYM    DATA     BYTE      PCON
      000000BCH   SFRSYM    DATA     BYTE      ADC_CONTR
      000000E7H   SFRSYM    DATA     BYTE      CMPCR2
      000000E6H   SFRSYM    DATA     BYTE      CMPCR1
      000000DEH   SFRSYM    DATA     BYTE      ADCCFG
      000000B8H   SFRSYM    DATA     BYTE      IP
      0000008FH   SFRSYM    DATA     BYTE      INTCLKO
      000000EEH   SFRSYM    DATA     BYTE      IP3H
      000000B6H   SFRSYM    DATA     BYTE      IP2H
      000000A8H   SFRSYM    DATA     BYTE      IE
      000000BBH   SFRSYM    DATA     BYTE      P_SW3
L251 LINKER/LOCATER V4.66.93.0                                                        05/07/2024  18:43:57  PAGE 14


      000000BAH   SFRSYM    DATA     BYTE      P_SW2
      000000A2H   SFRSYM    DATA     BYTE      P_SW1
      000000CEH   SFRSYM    DATA     BYTE      SPCTL
      000000F8H   SFRSYM    DATA     BYTE      P7
      000000E8H   SFRSYM    DATA     BYTE      P6
      000000C8H   SFRSYM    DATA     BYTE      P5
      000000C0H   SFRSYM    DATA     BYTE      P4
      000000B0H   SFRSYM    DATA     BYTE      P3
      000000A0H   SFRSYM    DATA     BYTE      P2
      00000090H   SFRSYM    DATA     BYTE      P1
      00000080H   SFRSYM    DATA     BYTE      P0
      00000091H   SFRSYM    DATA     BYTE      P1M1
      00000092H   SFRSYM    DATA     BYTE      P1M0

      00FF0B3BH   BLOCK     CODE     ---       LVL=0
      R15         REGSYM    ---      BYTE      addr
      WR8         REGSYM    ---      WORD      voltage
      00FF0B41H   BLOCK     CODE     NEAR LAB  LVL=1
      000000BFH   SYMBOL    EDATA    LONG      uiVolTemp
      R14         REGSYM    ---      BYTE      out_data
      00FF0B92H   BLOCK     CODE     NEAR LAB  LVL=2
      R15         REGSYM    ---      BYTE      cnt
      ---         BLOCKEND  ---      ---       LVL=2
      00FF0BD6H   BLOCK     CODE     NEAR LAB  LVL=2
      WR12        REGSYM    ---      WORD      i
      R15         REGSYM    ---      BYTE      d
      ---         BLOCKEND  ---      ---       LVL=2
      00FF0C12H   BLOCK     CODE     NEAR LAB  LVL=2
      R15         REGSYM    ---      BYTE      cnt
      ---         BLOCKEND  ---      ---       LVL=2
      00FF0C56H   BLOCK     CODE     NEAR LAB  LVL=2
      WR12        REGSYM    ---      WORD      i
      R15         REGSYM    ---      BYTE      d
      ---         BLOCKEND  ---      ---       LVL=2
      00FF0C8FH   BLOCK     CODE     NEAR LAB  LVL=2
      R15         REGSYM    ---      BYTE      cnt
      ---         BLOCKEND  ---      ---       LVL=2
      00FF0CD3H   BLOCK     CODE     NEAR LAB  LVL=2
      WR14        REGSYM    ---      WORD      i
      R13         REGSYM    ---      BYTE      d
      ---         BLOCKEND  ---      ---       LVL=2
      ---         BLOCKEND  ---      ---       LVL=1
      00FF0B3BH   LINE      CODE     ---       #8
      00FF0B41H   LINE      CODE     ---       #9
      00FF0B41H   LINE      CODE     ---       #11
      00FF0B41H   LINE      CODE     ---       #12
      00FF0B4AH   LINE      CODE     ---       #15
      00FF0B4AH   LINE      CODE     ---       #16
      00FF0B4AH   LINE      CODE     ---       #19
      00FF0B63H   LINE      CODE     ---       #20
      00FF0B8EH   LINE      CODE     ---       #21
      00FF0B92H   LINE      CODE     ---       #22
      00FF0BD6H   LINE      CODE     ---       #23
      00FF0C09H   LINE      CODE     ---       #24
      00FF0C12H   LINE      CODE     ---       #25
      00FF0C56H   LINE      CODE     ---       #26
      00FF0C89H   LINE      CODE     ---       #27
      00FF0C8FH   LINE      CODE     ---       #28
      00FF0CD3H   LINE      CODE     ---       #29
      00FF0D06H   LINE      CODE     ---       #30
      00FF0D2EH   LINE      CODE     ---       #32
      ---         BLOCKEND  ---      ---       LVL=0

      00FF0D31H   BLOCK     CODE     ---       LVL=0
      R15         REGSYM    ---      BYTE      addr
L251 LINKER/LOCATER V4.66.93.0                                                        05/07/2024  18:43:57  PAGE 15


      WR8         REGSYM    ---      WORD      voltage
      00FF0D37H   BLOCK     CODE     NEAR LAB  LVL=1
      000000BFH   SYMBOL    EDATA    LONG      uiVolTemp
      R14         REGSYM    ---      BYTE      out_data
      00FF0D88H   BLOCK     CODE     NEAR LAB  LVL=2
      R15         REGSYM    ---      BYTE      cnt
      ---         BLOCKEND  ---      ---       LVL=2
      00FF0DCCH   BLOCK     CODE     NEAR LAB  LVL=2
      WR12        REGSYM    ---      WORD      i
      R15         REGSYM    ---      BYTE      d
      ---         BLOCKEND  ---      ---       LVL=2
      00FF0E08H   BLOCK     CODE     NEAR LAB  LVL=2
      R15         REGSYM    ---      BYTE      cnt
      ---         BLOCKEND  ---      ---       LVL=2
      00FF0E4CH   BLOCK     CODE     NEAR LAB  LVL=2
      WR12        REGSYM    ---      WORD      i
      R15         REGSYM    ---      BYTE      d
      ---         BLOCKEND  ---      ---       LVL=2
      00FF0E85H   BLOCK     CODE     NEAR LAB  LVL=2
      R15         REGSYM    ---      BYTE      cnt
      ---         BLOCKEND  ---      ---       LVL=2
      00FF0EC9H   BLOCK     CODE     NEAR LAB  LVL=2
      WR14        REGSYM    ---      WORD      i
      R13         REGSYM    ---      BYTE      d
      ---         BLOCKEND  ---      ---       LVL=2
      ---         BLOCKEND  ---      ---       LVL=1
      00FF0D31H   LINE      CODE     ---       #35
      00FF0D37H   LINE      CODE     ---       #36
      00FF0D37H   LINE      CODE     ---       #38
      00FF0D37H   LINE      CODE     ---       #39
      00FF0D40H   LINE      CODE     ---       #42
      00FF0D40H   LINE      CODE     ---       #43
      00FF0D40H   LINE      CODE     ---       #46
      00FF0D59H   LINE      CODE     ---       #47
      00FF0D84H   LINE      CODE     ---       #48
      00FF0D88H   LINE      CODE     ---       #49
      00FF0DCCH   LINE      CODE     ---       #50
      00FF0DFFH   LINE      CODE     ---       #51
      00FF0E08H   LINE      CODE     ---       #52
      00FF0E4CH   LINE      CODE     ---       #53
      00FF0E7FH   LINE      CODE     ---       #54
      00FF0E85H   LINE      CODE     ---       #55
      00FF0EC9H   LINE      CODE     ---       #56
      00FF0EFCH   LINE      CODE     ---       #57
      00FF0F24H   LINE      CODE     ---       #59
      ---         BLOCKEND  ---      ---       LVL=0

      ---         MODULE    ---      ---       MwPro
      00FF1170H   PUBLIC    CODE     ---       ValidUartFrame
      00FF18D9H   PUBLIC    CODE     ---       CheckSum
      00FF0F27H   PUBLIC    CODE     ---       SendCmd
      00FF1731H   PUBLIC    CODE     ---       BcdToHex
      000000D0H   SFRSYM    DATA     BYTE      PSW
      0000009DH   SFRSYM    DATA     BYTE      IRCBAND
      00000097H   SFRSYM    DATA     BYTE      AUXR2
      000000EFH   SFRSYM    DATA     BYTE      AUXINTIF
      000000FDH   SFRSYM    DATA     BYTE      S4CON
      000000ACH   SFRSYM    DATA     BYTE      S3CON
      0000009AH   SFRSYM    DATA     BYTE      S2CON
      000000B7H   SFRSYM    DATA     BYTE      IPH
      000000CDH   SFRSYM    DATA     BYTE      SPSTAT
      000000DDH   SFRSYM    DATA     BYTE      T4T3M
      000000C1H   SFRSYM    DATA     BYTE      WDT_CONTR
      000000DFH   SFRSYM    DATA     BYTE      IP3
      000000F4H   SFRSYM    DATA     BYTE      USBCON
L251 LINKER/LOCATER V4.66.93.0                                                        05/07/2024  18:43:57  PAGE 16


      000000B5H   SFRSYM    DATA     BYTE      IP2
      000000FFH   SFRSYM    DATA     BYTE      RSTCFG
      000000C7H   SFRSYM    DATA     BYTE      IAP_CONTR
      000000F9H   SFRSYM    DATA     BYTE      LINICR
      0000008EH   SFRSYM    DATA     BYTE      AUXR
      000000AFH   SFRSYM    DATA     BYTE      IE2
      00000088H   SFRSYM    DATA     BYTE      TCON
      00000089H   SFRSYM    DATA     BYTE      TMOD
      00000098H   SFRSYM    DATA     BYTE      SCON
      000000F1H   SFRSYM    DATA     BYTE      CANICR
      00000087H   SFRSYM    DATA     BYTE      PCON
      000000BCH   SFRSYM    DATA     BYTE      ADC_CONTR
      000000E7H   SFRSYM    DATA     BYTE      CMPCR2
      000000E6H   SFRSYM    DATA     BYTE      CMPCR1
      000000DEH   SFRSYM    DATA     BYTE      ADCCFG
      000000B8H   SFRSYM    DATA     BYTE      IP
      0000008FH   SFRSYM    DATA     BYTE      INTCLKO
      000000EEH   SFRSYM    DATA     BYTE      IP3H
      000000B6H   SFRSYM    DATA     BYTE      IP2H
      000000A8H   SFRSYM    DATA     BYTE      IE
      000000BBH   SFRSYM    DATA     BYTE      P_SW3
      000000BAH   SFRSYM    DATA     BYTE      P_SW2
      000000A2H   SFRSYM    DATA     BYTE      P_SW1
      000000CEH   SFRSYM    DATA     BYTE      SPCTL
      000000F8H   SFRSYM    DATA     BYTE      P7
      000000E8H   SFRSYM    DATA     BYTE      P6
      000000C8H   SFRSYM    DATA     BYTE      P5
      000000C0H   SFRSYM    DATA     BYTE      P4
      000000B0H   SFRSYM    DATA     BYTE      P3
      000000A0H   SFRSYM    DATA     BYTE      P2
      00000090H   SFRSYM    DATA     BYTE      P1
      00000080H   SFRSYM    DATA     BYTE      P0
      00FF1C79H   SYMBOL    HCONST   ---       ?tpl?0001

      00FF18D9H   BLOCK     CODE     ---       LVL=0
      REG=7       REGSYM    ---      ---       Data
      R10         REGSYM    ---      BYTE      len
      00FF18DDH   BLOCK     CODE     NEAR LAB  LVL=1
      R7          REGSYM    ---      BYTE      dwSum
      R6          REGSYM    ---      BYTE      i
      ---         BLOCKEND  ---      ---       LVL=1
      00FF18D9H   LINE      CODE     ---       #4
      00FF18DDH   LINE      CODE     ---       #5
      00FF18DDH   LINE      CODE     ---       #6
      00FF18DFH   LINE      CODE     ---       #8
      00FF18E3H   LINE      CODE     ---       #10
      00FF18EEH   LINE      CODE     ---       #11
      00FF18F4H   LINE      CODE     ---       #13
      00FF18F6H   LINE      CODE     ---       #14
      ---         BLOCKEND  ---      ---       LVL=0

      00FF1731H   BLOCK     CODE     ---       LVL=0
      R11         REGSYM    ---      BYTE      Bh
      R10         REGSYM    ---      BYTE      Bl
      00FF1733H   BLOCK     CODE     NEAR LAB  LVL=1
      R5          REGSYM    ---      BYTE      temp
      ---         BLOCKEND  ---      ---       LVL=1
      00FF1731H   LINE      CODE     ---       #16
      00FF1733H   LINE      CODE     ---       #17
      00FF1733H   LINE      CODE     ---       #19
      00FF1738H   LINE      CODE     ---       #21
      00FF173EH   LINE      CODE     ---       #22
      00FF1740H   LINE      CODE     ---       #25
      00FF1746H   LINE      CODE     ---       #26
      00FF1746H   LINE      CODE     ---       #28
L251 LINKER/LOCATER V4.66.93.0                                                        05/07/2024  18:43:57  PAGE 17


      00FF174DH   LINE      CODE     ---       #29
      00FF1750H   LINE      CODE     ---       #31
      00FF1755H   LINE      CODE     ---       #33
      00FF1759H   LINE      CODE     ---       #34
      00FF175BH   LINE      CODE     ---       #37
      00FF1763H   LINE      CODE     ---       #38
      00FF1763H   LINE      CODE     ---       #40
      00FF1765H   LINE      CODE     ---       #41
      ---         BLOCKEND  ---      ---       LVL=0

      00FF0F27H   BLOCK     CODE     ---       LVL=0
      R14         REGSYM    ---      BYTE      Cmd
      000000C7H   SYMBOL    EDATA    ---       Data
      R15         REGSYM    ---      BYTE      Length
      00FF0F31H   BLOCK     CODE     NEAR LAB  LVL=1
      R7          REGSYM    ---      BYTE      Sum
      000000CBH   SYMBOL    EDATA    ---       Str
      000000CEH   SYMBOL    EDATA    ---       head
      ---         BLOCKEND  ---      ---       LVL=1
      00FF0F27H   LINE      CODE     ---       #44
      00FF0F31H   LINE      CODE     ---       #45
      00FF0F31H   LINE      CODE     ---       #47
      00FF0F48H   LINE      CODE     ---       #50
      00FF0F54H   LINE      CODE     ---       #51
      00FF0F5CH   LINE      CODE     ---       #53
      00FF0F65H   LINE      CODE     ---       #54
      00FF0F73H   LINE      CODE     ---       #55
      00FF0F7DH   LINE      CODE     ---       #56
      00FF0F87H   LINE      CODE     ---       #57
      00FF0F8FH   LINE      CODE     ---       #60
      00FF0F94H   LINE      CODE     ---       #62
      00FF0FA5H   LINE      CODE     ---       #63
      00FF0FA5H   LINE      CODE     ---       #66
      00FF0FB0H   LINE      CODE     ---       #67
      00FF0FC5H   LINE      CODE     ---       #68
      00FF0FDCH   LINE      CODE     ---       #70
      00FF0FE4H   LINE      CODE     ---       #72
      00FF0FE6H   LINE      CODE     ---       #74
      00FF0FE9H   LINE      CODE     ---       #75
      00FF0FECH   LINE      CODE     ---       #76
      00FF0FF6H   LINE      CODE     ---       #78
      00FF1007H   LINE      CODE     ---       #80
      00FF100DH   LINE      CODE     ---       #81
      ---         BLOCKEND  ---      ---       LVL=0

      00FF1170H   BLOCK     CODE     ---       LVL=0
      00FF1172H   BLOCK     CODE     NEAR LAB  LVL=1
      R15         REGSYM    ---      BYTE      cs
      R7          REGSYM    ---      BYTE      rs
      REG=1       REGSYM    ---      ---       pFrameHead
      ---         BLOCKEND  ---      ---       LVL=1
      00FF1170H   LINE      CODE     ---       #85
      00FF1172H   LINE      CODE     ---       #86
      00FF1172H   LINE      CODE     ---       #90
      00FF1180H   LINE      CODE     ---       #93
      00FF1183H   LINE      CODE     ---       #94
      00FF1183H   LINE      CODE     ---       #96
      00FF118BH   LINE      CODE     ---       #97
      00FF1193H   LINE      CODE     ---       #99
      00FF1196H   LINE      CODE     ---       #100
      00FF1196H   LINE      CODE     ---       #102
      00FF11A8H   LINE      CODE     ---       #104
      00FF11ABH   LINE      CODE     ---       #105
      00FF11ABH   LINE      CODE     ---       #107
      00FF11B5H   LINE      CODE     ---       #109
L251 LINKER/LOCATER V4.66.93.0                                                        05/07/2024  18:43:57  PAGE 18


      00FF11B8H   LINE      CODE     ---       #110
      00FF11B8H   LINE      CODE     ---       #112
      00FF11C9H   LINE      CODE     ---       #113
      00FF11EEH   LINE      CODE     ---       #115
      00FF11F2H   LINE      CODE     ---       #117
      00FF11F5H   LINE      CODE     ---       #118
      00FF11F5H   LINE      CODE     ---       #120
      00FF11F7H   LINE      CODE     ---       #121
      ---         BLOCKEND  ---      ---       LVL=0

      ---         MODULE    ---      ---       Uart
      00FF14CEH   PUBLIC    CODE     ---       UART1_int
      00FF16F8H   PUBLIC    CODE     ---       UART1_config
      00FF19A7H   PUBLIC    CODE     ---       ClearUart1Buf
      00FF1913H   PUBLIC    CODE     ---       Uart1Send
      00FF16BEH   PUBLIC    CODE     ---       Uart1Hnd
      00000020H.0 PUBLIC    BIT      BIT       B_TX1_Busy
      000100CBH   PUBLIC    XDATA    ---       RX1_Buffer
      00000008H   PUBLIC    EDATA    WORD      Rx1_Timer
      0000000AH   PUBLIC    EDATA    BYTE      RX1_Cnt
      0000000BH   PUBLIC    EDATA    BYTE      TX1_Cnt
      000000D0H   SFRSYM    DATA     BYTE      PSW
      0000009DH   SFRSYM    DATA     BYTE      IRCBAND
      00000097H   SFRSYM    DATA     BYTE      AUXR2
      000000EFH   SFRSYM    DATA     BYTE      AUXINTIF
      000000FDH   SFRSYM    DATA     BYTE      S4CON
      000000ACH   SFRSYM    DATA     BYTE      S3CON
      0000009AH   SFRSYM    DATA     BYTE      S2CON
      00000098H.4 SFRSYM    DATA     BIT       REN
      000000B7H   SFRSYM    DATA     BYTE      IPH
      000000CDH   SFRSYM    DATA     BYTE      SPSTAT
      000000DDH   SFRSYM    DATA     BYTE      T4T3M
      000000C1H   SFRSYM    DATA     BYTE      WDT_CONTR
      00000088H.6 SFRSYM    DATA     BIT       TR1
      0000008BH   SFRSYM    DATA     BYTE      TL1
      0000008DH   SFRSYM    DATA     BYTE      TH1
      000000DFH   SFRSYM    DATA     BYTE      IP3
      000000F4H   SFRSYM    DATA     BYTE      USBCON
      000000B5H   SFRSYM    DATA     BYTE      IP2
      000000FFH   SFRSYM    DATA     BYTE      RSTCFG
      000000A8H.3 SFRSYM    DATA     BIT       ET1
      000000C7H   SFRSYM    DATA     BYTE      IAP_CONTR
      000000F9H   SFRSYM    DATA     BYTE      LINICR
      0000008EH   SFRSYM    DATA     BYTE      AUXR
      000000AFH   SFRSYM    DATA     BYTE      IE2
      00000088H   SFRSYM    DATA     BYTE      TCON
      00000089H   SFRSYM    DATA     BYTE      TMOD
      00000098H   SFRSYM    DATA     BYTE      SCON
      000000F1H   SFRSYM    DATA     BYTE      CANICR
      00000087H   SFRSYM    DATA     BYTE      PCON
      00000099H   SFRSYM    DATA     BYTE      SBUF
      000000BCH   SFRSYM    DATA     BYTE      ADC_CONTR
      000000E7H   SFRSYM    DATA     BYTE      CMPCR2
      000000E6H   SFRSYM    DATA     BYTE      CMPCR1
      00000098H.1 SFRSYM    DATA     BIT       TI
      00000098H.0 SFRSYM    DATA     BIT       RI
      000000DEH   SFRSYM    DATA     BYTE      ADCCFG
      000000B8H   SFRSYM    DATA     BYTE      IP
      000000A8H.4 SFRSYM    DATA     BIT       ES
      0000008FH   SFRSYM    DATA     BYTE      INTCLKO
      000000EEH   SFRSYM    DATA     BYTE      IP3H
      000000B6H   SFRSYM    DATA     BYTE      IP2H
      000000A8H   SFRSYM    DATA     BYTE      IE
      000000BBH   SFRSYM    DATA     BYTE      P_SW3
      000000BAH   SFRSYM    DATA     BYTE      P_SW2
L251 LINKER/LOCATER V4.66.93.0                                                        05/07/2024  18:43:57  PAGE 19


      000000A2H   SFRSYM    DATA     BYTE      P_SW1
      000000CEH   SFRSYM    DATA     BYTE      SPCTL
      000000F8H   SFRSYM    DATA     BYTE      P7
      000000E8H   SFRSYM    DATA     BYTE      P6
      000000C8H   SFRSYM    DATA     BYTE      P5
      000000C0H   SFRSYM    DATA     BYTE      P4
      000000B0H   SFRSYM    DATA     BYTE      P3
      000000A0H   SFRSYM    DATA     BYTE      P2
      00000090H   SFRSYM    DATA     BYTE      P1
      00000080H   SFRSYM    DATA     BYTE      P0

      00FF16F8H   BLOCK     CODE     ---       LVL=0
      00FF16F8H   LINE      CODE     ---       #13
      00FF16F8H   LINE      CODE     ---       #17
      00FF16FAH   LINE      CODE     ---       #18
      00FF16FDH   LINE      CODE     ---       #19
      00FF1700H   LINE      CODE     ---       #20
      00FF1703H   LINE      CODE     ---       #21
      00FF1706H   LINE      CODE     ---       #22
      00FF1709H   LINE      CODE     ---       #23
      00FF170CH   LINE      CODE     ---       #24
      00FF170EH   LINE      CODE     ---       #25
      00FF1711H   LINE      CODE     ---       #26
      00FF1713H   LINE      CODE     ---       #33
      00FF171BH   LINE      CODE     ---       #38
      00FF171DH   LINE      CODE     ---       #39
      00FF171FH   LINE      CODE     ---       #43
      00FF1722H   LINE      CODE     ---       #44
      00FF1725H   LINE      CODE     ---       #46
      00FF1727H   LINE      CODE     ---       #47
      00FF172CH   LINE      CODE     ---       #48
      00FF1730H   LINE      CODE     ---       #49
      ---         BLOCKEND  ---      ---       LVL=0

      00FF14CEH   BLOCK     CODE     ---       LVL=0
      00FF14CEH   LINE      CODE     ---       #51
      00FF14D8H   LINE      CODE     ---       #53
      00FF14DBH   LINE      CODE     ---       #55
      00FF14DDH   LINE      CODE     ---       #56
      00FF14E3H   LINE      CODE     ---       #57
      00FF14F6H   LINE      CODE     ---       #59
      00FF1502H   LINE      CODE     ---       #61
      00FF1507H   LINE      CODE     ---       #62
      00FF1507H   LINE      CODE     ---       #65
      00FF150AH   LINE      CODE     ---       #67
      00FF150CH   LINE      CODE     ---       #68
      00FF150EH   LINE      CODE     ---       #69
      ---         BLOCKEND  ---      ---       LVL=0

      00FF1913H   BLOCK     CODE     ---       LVL=0
      REG=0       REGSYM    ---      ---       buf
      WR8         REGSYM    ---      INT       len
      00FF1915H   BLOCK     CODE     NEAR LAB  LVL=1
      WR6         REGSYM    ---      INT       i
      ---         BLOCKEND  ---      ---       LVL=1
      00FF1913H   LINE      CODE     ---       #72
      00FF1915H   LINE      CODE     ---       #73
      00FF1915H   LINE      CODE     ---       #75
      00FF1919H   LINE      CODE     ---       #77
      00FF1922H   LINE      CODE     ---       #78
      00FF1924H   LINE      CODE     ---       #79
      00FF1927H   LINE      CODE     ---       #80
      00FF192DH   LINE      CODE     ---       #81
      ---         BLOCKEND  ---      ---       LVL=0

L251 LINKER/LOCATER V4.66.93.0                                                        05/07/2024  18:43:57  PAGE 20


      00FF16BEH   BLOCK     CODE     ---       LVL=0
      00FF16BEH   LINE      CODE     ---       #83
      00FF16BEH   LINE      CODE     ---       #85
      00FF16C8H   LINE      CODE     ---       #87
      00FF16CEH   LINE      CODE     ---       #89
      00FF16E9H   LINE      CODE     ---       #90
      00FF16F1H   LINE      CODE     ---       #91
      00FF16F4H   LINE      CODE     ---       #93
      00FF16F7H   LINE      CODE     ---       #94
      ---         BLOCKEND  ---      ---       LVL=0
      R10         REGSYM    ---      CHAR      c

      00FF19A7H   BLOCK     CODE     ---       LVL=0
      00FF19A7H   LINE      CODE     ---       #107
      00FF19A7H   LINE      CODE     ---       #109
      00FF19B7H   LINE      CODE     ---       #110
      00FF19BCH   LINE      CODE     ---       #111
      ---         BLOCKEND  ---      ---       LVL=0

      ---         MODULE    ---      ---       main
      00FF1962H   PUBLIC    CODE     ---       Out4_20ma
      00FF182DH   PUBLIC    CODE     ---       Key_Scan
      00FF1979H   PUBLIC    CODE     ---       Out4_20ma_2
      00FF1873H   PUBLIC    CODE     ---       ReportInput
      00FF1010H   PUBLIC    CODE     ---       Output
      00FF1791H   PUBLIC    CODE     ---       Task_1s
      00FF11FAH   PUBLIC    CODE     ---       TimerTask
      00FF141EH   PUBLIC    CODE     ---       main
      00FF1519H   PUBLIC    CODE     ---       HndUartFrame
      00FF1276H   PUBLIC    CODE     ---       OutFlash
      00FF17E2H   PUBLIC    CODE     ---       PowerHnd
      00FF0003H   PUBLIC    CODE     ---       PowerOff
      00FF1895H   PUBLIC    CODE     ---       LedInit
      00FF163AH   PUBLIC    CODE     ---       HndInput
      00FF135DH   PUBLIC    CODE     ---       LampCtl
      00FF18F7H   PUBLIC    CODE     ---       GetInput
      00FF19FAH   PUBLIC    CODE     ---       HndUartData
      00FF19BDH   PUBLIC    CODE     ---       ClearRevBuf
      00FF15F4H   PUBLIC    CODE     ---       GetFlow
      00FF0865H   PUBLIC    CODE     ---       Read4_20ma
      00FF1850H   PUBLIC    CODE     ---       SndCtl
      00FF19D3H   PUBLIC    CODE     ---       Timer0Init
      00FF18B7H   PUBLIC    CODE     ---       RunLed
      00FF13BFH   PUBLIC    CODE     ---       OutTask
      00FF1563H   PUBLIC    CODE     ---       GetVer
      00FF17BAH   PUBLIC    CODE     ---       SysInit
      00FF1476H   PUBLIC    CODE     ---       IoCtl
      00FF15ACH   PUBLIC    CODE     ---       OutVal
      00FF10D0H   PUBLIC    CODE     ---       OutCtl
      00FF167FH   PUBLIC    CODE     ---       WordToSmall
      00FF000EH   PUBLIC    CODE     ---       Timer0Int
      00FF192EH   PUBLIC    CODE     ---       Bump_ONOFF
      00FF1990H   PUBLIC    CODE     ---       Delay
      00000021H   PUBLIC    EDATA    WORD      PaperTimer
      00000023H   PUBLIC    EDATA    BYTE      RecLength
      00000024H   PUBLIC    EDATA    WORD      PaperPluse
      00000026H   PUBLIC    EDATA    BYTE      InputReport
      00000027H   PUBLIC    EDATA    BYTE      InputStatus
      00000028H   PUBLIC    EDATA    WORD      CommIdleTime
      0000002AH   PUBLIC    EDATA    BYTE      PaperErr
      0000002BH   PUBLIC    EDATA    BYTE      g_Key_Confrom
      0000002CH   PUBLIC    EDATA    ---       SendBuf
      000000ACH   PUBLIC    EDATA    WORD      Task1s
      000000AEH   PUBLIC    EDATA    BYTE      NeedGetFlow
      000000AFH   PUBLIC    EDATA    WORD      OutMode
L251 LINKER/LOCATER V4.66.93.0                                                        05/07/2024  18:43:57  PAGE 21


      000000B1H   PUBLIC    EDATA    WORD      OutStatus
      000000B3H   PUBLIC    EDATA    WORD      RunTime
      000000B5H   PUBLIC    EDATA    WORD      Timer0Cnt
      000000B9H   PUBLIC    EDATA    BYTE      Input_Status
      00010000H   PUBLIC    XDATA    ---       FlashIoTimer
      00010040H   PUBLIC    XDATA    ---       RecvBuf
      000100C0H   PUBLIC    XDATA    ---       g_BaseInfo
      000100C8H   PUBLIC    XDATA    ---       Paper
      000000D0H   SFRSYM    DATA     BYTE      PSW
      0000009DH   SFRSYM    DATA     BYTE      IRCBAND
      00000097H   SFRSYM    DATA     BYTE      AUXR2
      000000EFH   SFRSYM    DATA     BYTE      AUXINTIF
      000000FDH   SFRSYM    DATA     BYTE      S4CON
      000000ACH   SFRSYM    DATA     BYTE      S3CON
      0000009AH   SFRSYM    DATA     BYTE      S2CON
      000000B7H   SFRSYM    DATA     BYTE      IPH
      000000CDH   SFRSYM    DATA     BYTE      SPSTAT
      000000DDH   SFRSYM    DATA     BYTE      T4T3M
      000000C1H   SFRSYM    DATA     BYTE      WDT_CONTR
      00000088H.4 SFRSYM    DATA     BIT       TR0
      0000008AH   SFRSYM    DATA     BYTE      TL0
      0000008CH   SFRSYM    DATA     BYTE      TH0
      000000DFH   SFRSYM    DATA     BYTE      IP3
      000000F4H   SFRSYM    DATA     BYTE      USBCON
      000000B5H   SFRSYM    DATA     BYTE      IP2
      000000FFH   SFRSYM    DATA     BYTE      RSTCFG
      000000A8H.1 SFRSYM    DATA     BIT       ET0
      000000C7H   SFRSYM    DATA     BYTE      IAP_CONTR
      000000F9H   SFRSYM    DATA     BYTE      LINICR
      0000008EH   SFRSYM    DATA     BYTE      AUXR
      000000AFH   SFRSYM    DATA     BYTE      IE2
      00000088H   SFRSYM    DATA     BYTE      TCON
      00000089H   SFRSYM    DATA     BYTE      TMOD
      00000098H   SFRSYM    DATA     BYTE      SCON
      000000C1H.4 SFRSYM    DATA     BIT       CLR_WDT
      000000F1H   SFRSYM    DATA     BYTE      CANICR
      00000087H   SFRSYM    DATA     BYTE      PCON
      000000BCH   SFRSYM    DATA     BYTE      ADC_CONTR
      000000E7H   SFRSYM    DATA     BYTE      CMPCR2
      000000E6H   SFRSYM    DATA     BYTE      CMPCR1
      000000DEH   SFRSYM    DATA     BYTE      ADCCFG
      000000B8H   SFRSYM    DATA     BYTE      IP
      0000008FH   SFRSYM    DATA     BYTE      INTCLKO
      000000EEH   SFRSYM    DATA     BYTE      IP3H
      000000B6H   SFRSYM    DATA     BYTE      IP2H
      000000A8H   SFRSYM    DATA     BYTE      IE
      000000BBH   SFRSYM    DATA     BYTE      P_SW3
      000000BAH   SFRSYM    DATA     BYTE      P_SW2
      000000A2H   SFRSYM    DATA     BYTE      P_SW1
      000000CEH   SFRSYM    DATA     BYTE      SPCTL
      000000F8H   SFRSYM    DATA     BYTE      P7
      000000A8H.7 SFRSYM    DATA     BIT       EA
      000000E8H   SFRSYM    DATA     BYTE      P6
      000000C8H   SFRSYM    DATA     BYTE      P5
      000000C0H   SFRSYM    DATA     BYTE      P4
      000000B0H   SFRSYM    DATA     BYTE      P3
      000000B3H   SFRSYM    DATA     BYTE      P4M1
      000000A0H   SFRSYM    DATA     BYTE      P2
      000000B4H   SFRSYM    DATA     BYTE      P4M0
      00000090H   SFRSYM    DATA     BYTE      P1
      00000080H   SFRSYM    DATA     BYTE      P0
      00FF1C69H   SYMBOL    HCONST   ---       ?tpl?0001
      00FF1C6CH   SYMBOL    HCONST   ---       ?tpl?0002
      000000B7H   SYMBOL    EDATA    WORD      OutHis

L251 LINKER/LOCATER V4.66.93.0                                                        05/07/2024  18:43:57  PAGE 22


      00FF167FH   BLOCK     CODE     ---       LVL=0
      000000C7H   SYMBOL    EDATA    WORD      dat
      00FF1683H   BLOCK     CODE     NEAR LAB  LVL=1
      000000C9H   SYMBOL    EDATA    ---       buf
      R7          REGSYM    ---      BYTE      t
      000000CBH   SYMBOL    EDATA    WORD      ret
      ---         BLOCKEND  ---      ---       LVL=1
      00FF167FH   LINE      CODE     ---       #54
      00FF1683H   LINE      CODE     ---       #55
      00FF1683H   LINE      CODE     ---       #60
      00FF1696H   LINE      CODE     ---       #61
      00FF169AH   LINE      CODE     ---       #62
      00FF16A2H   LINE      CODE     ---       #63
      00FF16A6H   LINE      CODE     ---       #65
      00FF16B9H   LINE      CODE     ---       #66
      00FF16BDH   LINE      CODE     ---       #67
      ---         BLOCKEND  ---      ---       LVL=0
      R7          REGSYM    ---      BYTE      t
      R7          REGSYM    ---      BYTE      t

      00FF1990H   BLOCK     CODE     ---       LVL=0
      WR2         REGSYM    ---      WORD      ms
      00FF1992H   BLOCK     CODE     NEAR LAB  LVL=1
      DR4         REGSYM    ---      DWORD     i
      ---         BLOCKEND  ---      ---       LVL=1
      00FF1990H   LINE      CODE     ---       #125
      00FF1992H   LINE      CODE     ---       #126
      00FF1992H   LINE      CODE     ---       #129
      00FF1994H   LINE      CODE     ---       #131
      00FF1995H   LINE      CODE     ---       #132
      00FF1996H   LINE      CODE     ---       #133
      00FF199AH   LINE      CODE     ---       #134
      00FF199AH   LINE      CODE     ---       #136
      00FF199CH   LINE      CODE     ---       #137
      00FF199EH   LINE      CODE     ---       #138
      00FF19A6H   LINE      CODE     ---       #139
      ---         BLOCKEND  ---      ---       LVL=0

      00FF17BAH   BLOCK     CODE     ---       LVL=0
      00FF17BAH   LINE      CODE     ---       #141
      00FF17BAH   LINE      CODE     ---       #143
      00FF17C7H   LINE      CODE     ---       #144
      00FF17D5H   LINE      CODE     ---       #145
      00FF17E1H   LINE      CODE     ---       #146
      ---         BLOCKEND  ---      ---       LVL=0

      00FF19D3H   BLOCK     CODE     ---       LVL=0
      00FF19D3H   LINE      CODE     ---       #148
      00FF19D3H   LINE      CODE     ---       #150
      00FF19D6H   LINE      CODE     ---       #151
      00FF19D9H   LINE      CODE     ---       #152
      00FF19DCH   LINE      CODE     ---       #153
      00FF19DEH   LINE      CODE     ---       #154
      00FF19E0H   LINE      CODE     ---       #159
      ---         BLOCKEND  ---      ---       LVL=0

      00FF000EH   BLOCK     CODE     ---       LVL=0
      00FF000EH   LINE      CODE     ---       #162
      00FF0012H   LINE      CODE     ---       #164
      00FF001CH   LINE      CODE     ---       #165
      ---         BLOCKEND  ---      ---       LVL=0

      00FF192EH   BLOCK     CODE     ---       LVL=0
      R7          REGSYM    ---      BYTE      x
      00FF192EH   LINE      CODE     ---       #168
L251 LINKER/LOCATER V4.66.93.0                                                        05/07/2024  18:43:57  PAGE 23


      00FF1930H   LINE      CODE     ---       #170
      00FF193CH   LINE      CODE     ---       #171
      00FF1947H   LINE      CODE     ---       #172
      ---         BLOCKEND  ---      ---       LVL=0

      00FF182DH   BLOCK     CODE     ---       LVL=0
      000000BAH   SYMBOL    EDATA    BYTE      keyVal
      00FF182DH   LINE      CODE     ---       #174
      00FF182DH   LINE      CODE     ---       #175
      00FF182DH   LINE      CODE     ---       #177
      00FF1837H   LINE      CODE     ---       #179
      00FF183EH   LINE      CODE     ---       #180
      00FF1848H   LINE      CODE     ---       #182
      00FF184FH   LINE      CODE     ---       #184
      00FF184FH   LINE      CODE     ---       #191
      ---         BLOCKEND  ---      ---       LVL=0

      00FF1010H   BLOCK     CODE     ---       LVL=0
      R11         REGSYM    ---      BYTE      i
      R7          REGSYM    ---      BYTE      x
      00FF1010H   LINE      CODE     ---       #193
      00FF1010H   LINE      CODE     ---       #195
      00FF1047H   LINE      CODE     ---       #198
      00FF1053H   LINE      CODE     ---       #199
      00FF105FH   LINE      CODE     ---       #201
      00FF106BH   LINE      CODE     ---       #202
      00FF1077H   LINE      CODE     ---       #203
      00FF1083H   LINE      CODE     ---       #204
      00FF108FH   LINE      CODE     ---       #205
      00FF109BH   LINE      CODE     ---       #206
      00FF10A7H   LINE      CODE     ---       #207
      00FF10ACH   LINE      CODE     ---       #208
      00FF10B8H   LINE      CODE     ---       #209
      00FF10C4H   LINE      CODE     ---       #215
      00FF10CFH   LINE      CODE     ---       #216
      00FF10CFH   LINE      CODE     ---       #217
      ---         BLOCKEND  ---      ---       LVL=0

      00FF1276H   BLOCK     CODE     ---       LVL=0
      R10         REGSYM    ---      BYTE      i
      00FF1278H   BLOCK     CODE     NEAR LAB  LVL=1
      WR8         REGSYM    ---      WORD      mask
      ---         BLOCKEND  ---      ---       LVL=1
      00FF1276H   LINE      CODE     ---       #221
      00FF1278H   LINE      CODE     ---       #222
      00FF1278H   LINE      CODE     ---       #224
      00FF127AH   LINE      CODE     ---       #226
      00FF129FH   LINE      CODE     ---       #228
      00FF12B1H   LINE      CODE     ---       #230
      00FF12BEH   LINE      CODE     ---       #231
      00FF12C6H   LINE      CODE     ---       #233
      00FF12D0H   LINE      CODE     ---       #234
      00FF12D5H   LINE      CODE     ---       #235
      00FF12D7H   LINE      CODE     ---       #238
      00FF12E5H   LINE      CODE     ---       #239
      00FF12ECH   LINE      CODE     ---       #240
      00FF12ECH   LINE      CODE     ---       #241
      ---         BLOCKEND  ---      ---       LVL=0

      00FF15ACH   BLOCK     CODE     ---       LVL=0
      R5          REGSYM    ---      BYTE      i
      R10         REGSYM    ---      BYTE      st
      00FF15B0H   BLOCK     CODE     NEAR LAB  LVL=1
      WR8         REGSYM    ---      WORD      mask
      WR2         REGSYM    ---      WORD      his
L251 LINKER/LOCATER V4.66.93.0                                                        05/07/2024  18:43:57  PAGE 24


      ---         BLOCKEND  ---      ---       LVL=1
      00FF15ACH   LINE      CODE     ---       #244
      00FF15B0H   LINE      CODE     ---       #245
      00FF15B0H   LINE      CODE     ---       #246
      00FF15BBH   LINE      CODE     ---       #247
      00FF15CCH   LINE      CODE     ---       #248
      00FF15D2H   LINE      CODE     ---       #250
      00FF15D2H   LINE      CODE     ---       #251
      00FF15D2H   LINE      CODE     ---       #253
      00FF15D6H   LINE      CODE     ---       #255
      00FF15DCH   LINE      CODE     ---       #256
      00FF15DEH   LINE      CODE     ---       #259
      00FF15ECH   LINE      CODE     ---       #260
      00FF15ECH   LINE      CODE     ---       #262
      00FF15F3H   LINE      CODE     ---       #263
      ---         BLOCKEND  ---      ---       LVL=0

      00FF13BFH   BLOCK     CODE     ---       LVL=0
      00FF13C1H   BLOCK     CODE     NEAR LAB  LVL=1
      R15         REGSYM    ---      BYTE      i
      R14         REGSYM    ---      BYTE      st
      WR6         REGSYM    ---      WORD      mask
      ---         BLOCKEND  ---      ---       LVL=1
      00FF13BFH   LINE      CODE     ---       #266
      00FF13C1H   LINE      CODE     ---       #267
      00FF13C1H   LINE      CODE     ---       #270
      00FF13C3H   LINE      CODE     ---       #272
      00FF13D0H   LINE      CODE     ---       #273
      00FF13D8H   LINE      CODE     ---       #276
      00FF13D8H   LINE      CODE     ---       #277
      00FF13D8H   LINE      CODE     ---       #279
      00FF13E0H   LINE      CODE     ---       #281
      00FF13E6H   LINE      CODE     ---       #284
      00FF13EBH   LINE      CODE     ---       #285
      00FF13EDH   LINE      CODE     ---       #289
      00FF13F1H   LINE      CODE     ---       #290
      00FF13F1H   LINE      CODE     ---       #291
      00FF13F3H   LINE      CODE     ---       #294
      00FF140DH   LINE      CODE     ---       #295
      00FF1414H   LINE      CODE     ---       #296
      00FF1414H   LINE      CODE     ---       #297
      00FF141BH   LINE      CODE     ---       #298
      ---         BLOCKEND  ---      ---       LVL=0

      00FF1791H   BLOCK     CODE     ---       LVL=0
      00FF1791H   LINE      CODE     ---       #301
      00FF1791H   LINE      CODE     ---       #302
      00FF1791H   LINE      CODE     ---       #312
      00FF1791H   LINE      CODE     ---       #313
      00FF1794H   LINE      CODE     ---       #316
      00FF179AH   LINE      CODE     ---       #318
      00FF179FH   LINE      CODE     ---       #320
      00FF17A7H   LINE      CODE     ---       #323
      00FF17ADH   LINE      CODE     ---       #326
      00FF17B3H   LINE      CODE     ---       #327
      00FF17B9H   LINE      CODE     ---       #328
      ---         BLOCKEND  ---      ---       LVL=0

      00FF18B7H   BLOCK     CODE     ---       LVL=0
      WR6         REGSYM    ---      WORD      dt
      000000BBH   SYMBOL    EDATA    WORD      tm
      00FF18B7H   LINE      CODE     ---       #332
      00FF18B7H   LINE      CODE     ---       #333
      00FF18B7H   LINE      CODE     ---       #335
      00FF18BFH   LINE      CODE     ---       #336
L251 LINKER/LOCATER V4.66.93.0                                                        05/07/2024  18:43:57  PAGE 25


      00FF18C5H   LINE      CODE     ---       #338
      00FF18CBH   LINE      CODE     ---       #339
      00FF18CEH   LINE      CODE     ---       #340
      00FF18CFH   LINE      CODE     ---       #341
      00FF18D5H   LINE      CODE     ---       #343
      00FF18D8H   LINE      CODE     ---       #344
      ---         BLOCKEND  ---      ---       LVL=0

      00FF11FAH   BLOCK     CODE     ---       LVL=0
      00FF11FCH   BLOCK     CODE     NEAR LAB  LVL=1
      WR14        REGSYM    ---      WORD      Delta
      ---         BLOCKEND  ---      ---       LVL=1
      00FF11FAH   LINE      CODE     ---       #350
      00FF11FCH   LINE      CODE     ---       #351
      00FF11FCH   LINE      CODE     ---       #352
      00FF11FEH   LINE      CODE     ---       #354
      00FF1206H   LINE      CODE     ---       #356
      00FF120CH   LINE      CODE     ---       #357
      00FF1210H   LINE      CODE     ---       #359
      00FF1219H   LINE      CODE     ---       #361
      00FF1223H   LINE      CODE     ---       #362
      00FF1223H   LINE      CODE     ---       #364
      00FF122DH   LINE      CODE     ---       #366
      00FF1237H   LINE      CODE     ---       #367
      00FF1237H   LINE      CODE     ---       #374
      00FF1241H   LINE      CODE     ---       #375
      00FF1247H   LINE      CODE     ---       #377
      00FF124BH   LINE      CODE     ---       #378
      00FF124EH   LINE      CODE     ---       #379
      00FF1254H   LINE      CODE     ---       #381
      00FF1257H   LINE      CODE     ---       #382
      00FF1257H   LINE      CODE     ---       #385
      00FF1261H   LINE      CODE     ---       #387
      00FF126BH   LINE      CODE     ---       #388
      00FF126BH   LINE      CODE     ---       #390
      00FF126EH   LINE      CODE     ---       #391
      00FF1273H   LINE      CODE     ---       #392
      ---         BLOCKEND  ---      ---       LVL=0

      00FF10D0H   BLOCK     CODE     ---       LVL=0
      R11         REGSYM    ---      BYTE      st
      R10         REGSYM    ---      BYTE      i
      00FF10D0H   LINE      CODE     ---       #395
      00FF10D2H   LINE      CODE     ---       #397
      00FF10E7H   LINE      CODE     ---       #399
      00FF10F8H   LINE      CODE     ---       #400
      00FF1120H   LINE      CODE     ---       #401
      00FF112FH   LINE      CODE     ---       #404
      00FF114CH   LINE      CODE     ---       #405
      00FF116FH   LINE      CODE     ---       #406
      00FF116FH   LINE      CODE     ---       #407
      ---         BLOCKEND  ---      ---       LVL=0

      00FF135DH   BLOCK     CODE     ---       LVL=0
      000000BFH   SYMBOL    EDATA    ---       led
      00FF135DH   LINE      CODE     ---       #410
      00FF135DH   LINE      CODE     ---       #411
      00FF135DH   LINE      CODE     ---       #413
      00FF1374H   LINE      CODE     ---       #415
      00FF137EH   LINE      CODE     ---       #416
      00FF1388H   LINE      CODE     ---       #417
      00FF1392H   LINE      CODE     ---       #418
      00FF139CH   LINE      CODE     ---       #419
      00FF13A6H   LINE      CODE     ---       #421
      00FF13B2H   LINE      CODE     ---       #422
L251 LINKER/LOCATER V4.66.93.0                                                        05/07/2024  18:43:57  PAGE 26


      00FF13BEH   LINE      CODE     ---       #423
      ---         BLOCKEND  ---      ---       LVL=0

      00FF1850H   BLOCK     CODE     ---       LVL=0
      R11         REGSYM    ---      BYTE      Snd
      00FF1850H   LINE      CODE     ---       #425
      00FF1850H   LINE      CODE     ---       #426
      00FF1850H   LINE      CODE     ---       #427
      00FF1854H   LINE      CODE     ---       #428
      00FF185AH   LINE      CODE     ---       #430
      00FF1866H   LINE      CODE     ---       #431
      00FF1872H   LINE      CODE     ---       #432
      ---         BLOCKEND  ---      ---       LVL=0

      00FF1476H   BLOCK     CODE     ---       LVL=0
      000000BFH   SYMBOL    EDATA    ---       out
      00FF1476H   LINE      CODE     ---       #434
      00FF1476H   LINE      CODE     ---       #435
      00FF1476H   LINE      CODE     ---       #437
      00FF148DH   LINE      CODE     ---       #439
      00FF1497H   LINE      CODE     ---       #440
      00FF14A1H   LINE      CODE     ---       #441
      00FF14ABH   LINE      CODE     ---       #442
      00FF14B5H   LINE      CODE     ---       #453
      00FF14C1H   LINE      CODE     ---       #454
      00FF14CDH   LINE      CODE     ---       #455
      ---         BLOCKEND  ---      ---       LVL=0

      00FF1895H   BLOCK     CODE     ---       LVL=0
      00FF1895H   LINE      CODE     ---       #457
      00FF1895H   LINE      CODE     ---       #461
      00FF1898H   LINE      CODE     ---       #463
      00FF189BH   LINE      CODE     ---       #464
      00FF189EH   LINE      CODE     ---       #465
      00FF18A1H   LINE      CODE     ---       #467
      00FF18A4H   LINE      CODE     ---       #468
      00FF18A7H   LINE      CODE     ---       #469
      00FF18AAH   LINE      CODE     ---       #471
      00FF18ADH   LINE      CODE     ---       #472
      00FF18B0H   LINE      CODE     ---       #473
      00FF18B3H   LINE      CODE     ---       #474
      ---         BLOCKEND  ---      ---       LVL=0

      00FF15F4H   BLOCK     CODE     ---       LVL=0
      000000BFH   SYMBOL    EDATA    ---       baseinfo
      00FF15F4H   LINE      CODE     ---       #479
      00FF15F4H   LINE      CODE     ---       #480
      00FF15F4H   LINE      CODE     ---       #482
      00FF15FAH   LINE      CODE     ---       #483
      00FF1607H   LINE      CODE     ---       #484
      00FF1614H   LINE      CODE     ---       #485
      00FF1621H   LINE      CODE     ---       #486
      00FF162EH   LINE      CODE     ---       #488
      ---         BLOCKEND  ---      ---       LVL=0

      00FF1962H   BLOCK     CODE     ---       LVL=0
      R3          REGSYM    ---      BYTE      val
      WR6         REGSYM    ---      WORD      v
      00FF1962H   LINE      CODE     ---       #508
      00FF1962H   LINE      CODE     ---       #509
      00FF1962H   LINE      CODE     ---       #510
      00FF1974H   LINE      CODE     ---       #512
      ---         BLOCKEND  ---      ---       LVL=0

      00FF1979H   BLOCK     CODE     ---       LVL=0
L251 LINKER/LOCATER V4.66.93.0                                                        05/07/2024  18:43:57  PAGE 27


      R3          REGSYM    ---      BYTE      val
      WR6         REGSYM    ---      WORD      v
      00FF1979H   LINE      CODE     ---       #516
      00FF1979H   LINE      CODE     ---       #517
      00FF1979H   LINE      CODE     ---       #518
      00FF198BH   LINE      CODE     ---       #520
      ---         BLOCKEND  ---      ---       LVL=0

      00FF0865H   BLOCK     CODE     ---       LVL=0
      00FF0867H   BLOCK     CODE     NEAR LAB  LVL=1
      000000BFH   SYMBOL    EDATA    BYTE      ret
      WR4         REGSYM    ---      INT       Voltage
      00FF086CH   BLOCK     CODE     NEAR LAB  LVL=2
      R15         REGSYM    ---      BYTE      rd_data
      000000C0H   SYMBOL    EDATA    CHAR      ack
      000000C1H   SYMBOL    EDATA    ---       OutBuf
      00FF08B2H   BLOCK     CODE     NEAR LAB  LVL=3
      R14         REGSYM    ---      BYTE      cnt
      ---         BLOCKEND  ---      ---       LVL=3
      00FF08F6H   BLOCK     CODE     NEAR LAB  LVL=3
      WR12        REGSYM    ---      WORD      i
      R14         REGSYM    ---      BYTE      d
      ---         BLOCKEND  ---      ---       LVL=3
      00FF0930H   BLOCK     CODE     NEAR LAB  LVL=3
      R14         REGSYM    ---      BYTE      cnt
      R13         REGSYM    ---      BYTE      io_data
      ---         BLOCKEND  ---      ---       LVL=3
      00FF09BCH   BLOCK     CODE     NEAR LAB  LVL=3
      R14         REGSYM    ---      BYTE      cnt
      R13         REGSYM    ---      BYTE      io_data
      ---         BLOCKEND  ---      ---       LVL=3
      00FF0A49H   BLOCK     CODE     NEAR LAB  LVL=3
      R14         REGSYM    ---      BYTE      cnt
      R13         REGSYM    ---      BYTE      io_data
      ---         BLOCKEND  ---      ---       LVL=3
      ---         BLOCKEND  ---      ---       LVL=2
      ---         BLOCKEND  ---      ---       LVL=1
      00FF0865H   LINE      CODE     ---       #525
      00FF0867H   LINE      CODE     ---       #526
      00FF0867H   LINE      CODE     ---       #527
      00FF086CH   LINE      CODE     ---       #528
      00FF086CH   LINE      CODE     ---       #529
      00FF0B13H   LINE      CODE     ---       #533
      00FF0B28H   LINE      CODE     ---       #534
      00FF0B34H   LINE      CODE     ---       #535
      00FF0B38H   LINE      CODE     ---       #536
      ---         BLOCKEND  ---      ---       LVL=0

      00FF1563H   BLOCK     CODE     ---       LVL=0
      000000BFH   SYMBOL    EDATA    ---       ver
      00FF1563H   LINE      CODE     ---       #539
      00FF1563H   LINE      CODE     ---       #540
      00FF1563H   LINE      CODE     ---       #541
      00FF1582H   LINE      CODE     ---       #542
      00FF15A0H   LINE      CODE     ---       #543
      ---         BLOCKEND  ---      ---       LVL=0

      00FF1519H   BLOCK     CODE     ---       LVL=0
      REG=1       REGSYM    ---      ---       pFrameHead
      00FF1519H   LINE      CODE     ---       #547
      00FF1519H   LINE      CODE     ---       #548
      00FF1519H   LINE      CODE     ---       #549
      00FF1521H   LINE      CODE     ---       #550
      00FF1542H   LINE      CODE     ---       #552
      00FF1545H   LINE      CODE     ---       #553
L251 LINKER/LOCATER V4.66.93.0                                                        05/07/2024  18:43:57  PAGE 28


      00FF1548H   LINE      CODE     ---       #554
      00FF154BH   LINE      CODE     ---       #555
      00FF154EH   LINE      CODE     ---       #557
      00FF1551H   LINE      CODE     ---       #561
      00FF1558H   LINE      CODE     ---       #562
      00FF155BH   LINE      CODE     ---       #563
      00FF1562H   LINE      CODE     ---       #564
      00FF1562H   LINE      CODE     ---       #565
      ---         BLOCKEND  ---      ---       LVL=0

      00FF0003H   BLOCK     CODE     ---       LVL=0
      00FF0003H   LINE      CODE     ---       #567
      00FF0003H   LINE      CODE     ---       #569
      00FF0006H   LINE      CODE     ---       #573
      00FF0009H   LINE      CODE     ---       #574
      00FF0009H   LINE      CODE     ---       #577
      ---         BLOCKEND  ---      ---       LVL=0

      00FF17E2H   BLOCK     CODE     ---       LVL=0
      R7          REGSYM    ---      BYTE      InVal
      000000D2H   SYMBOL    EDATA    ---       in
      00FF17E2H   LINE      CODE     ---       #580
      00FF17E2H   LINE      CODE     ---       #581
      00FF17E2H   LINE      CODE     ---       #583
      00FF17E6H   LINE      CODE     ---       #585
      00FF17F0H   LINE      CODE     ---       #587
      00FF17F7H   LINE      CODE     ---       #590
      00FF17FEH   LINE      CODE     ---       #591
      00FF1804H   LINE      CODE     ---       #595
      00FF1807H   LINE      CODE     ---       #597
      00FF1807H   LINE      CODE     ---       #599
      ---         BLOCKEND  ---      ---       LVL=0

      00FF18F7H   BLOCK     CODE     ---       LVL=0
      R10         REGSYM    ---      BYTE      ret
      00FF18F7H   LINE      CODE     ---       #619
      00FF18F7H   LINE      CODE     ---       #620
      00FF18F7H   LINE      CODE     ---       #625
      00FF18FDH   LINE      CODE     ---       #626
      00FF1904H   LINE      CODE     ---       #627
      00FF190AH   LINE      CODE     ---       #628
      00FF1910H   LINE      CODE     ---       #630
      00FF1912H   LINE      CODE     ---       #631
      ---         BLOCKEND  ---      ---       LVL=0

      00FF163AH   BLOCK     CODE     ---       LVL=0
      00FF163CH   BLOCK     CODE     NEAR LAB  LVL=1
      000000BDH   SYMBOL    EDATA    BYTE      InHis
      000000BEH   SYMBOL    EDATA    BYTE      RpHis
      R15         REGSYM    ---      BYTE      InCur
      ---         BLOCKEND  ---      ---       LVL=1
      00FF163AH   LINE      CODE     ---       #701
      00FF163CH   LINE      CODE     ---       #702
      00FF163CH   LINE      CODE     ---       #709
      00FF163FH   LINE      CODE     ---       #711
      00FF1644H   LINE      CODE     ---       #712
      00FF1647H   LINE      CODE     ---       #713
      00FF164DH   LINE      CODE     ---       #715
      00FF1654H   LINE      CODE     ---       #716
      00FF1659H   LINE      CODE     ---       #717
      00FF1661H   LINE      CODE     ---       #719
      00FF1665H   LINE      CODE     ---       #721
      00FF1668H   LINE      CODE     ---       #722
      00FF166EH   LINE      CODE     ---       #725
      00FF1672H   LINE      CODE     ---       #726
L251 LINKER/LOCATER V4.66.93.0                                                        05/07/2024  18:43:57  PAGE 29


      00FF1678H   LINE      CODE     ---       #727
      00FF167CH   LINE      CODE     ---       #730
      00FF167CH   LINE      CODE     ---       #732
      00FF167CH   LINE      CODE     ---       #733
      ---         BLOCKEND  ---      ---       LVL=0

      00FF1873H   BLOCK     CODE     ---       LVL=0
      00FF1873H   LINE      CODE     ---       #792
      00FF1873H   LINE      CODE     ---       #793
      00FF1873H   LINE      CODE     ---       #794
      00FF1873H   LINE      CODE     ---       #797
      00FF187DH   LINE      CODE     ---       #800
      00FF1883H   LINE      CODE     ---       #803
      00FF1888H   LINE      CODE     ---       #804
      00FF1894H   LINE      CODE     ---       #805
      00FF1894H   LINE      CODE     ---       #806
      00FF1894H   LINE      CODE     ---       #815
      ---         BLOCKEND  ---      ---       LVL=0

      00FF19BDH   BLOCK     CODE     ---       LVL=0
      00FF19BDH   LINE      CODE     ---       #819
      00FF19BDH   LINE      CODE     ---       #821
      00FF19CDH   LINE      CODE     ---       #822
      00FF19D2H   LINE      CODE     ---       #823
      ---         BLOCKEND  ---      ---       LVL=0

      00FF19FAH   BLOCK     CODE     ---       LVL=0
      00FF19FAH   LINE      CODE     ---       #825
      00FF19FAH   LINE      CODE     ---       #827
      00FF19FFH   LINE      CODE     ---       #829
      00FF1A02H   LINE      CODE     ---       #830
      00FF1A02H   LINE      CODE     ---       #831
      ---         BLOCKEND  ---      ---       LVL=0

      00FF141EH   BLOCK     CODE     ---       LVL=0
      00FF141EH   LINE      CODE     ---       #834
      00FF141EH   LINE      CODE     ---       #836
      00FF1421H   LINE      CODE     ---       #838
      00FF1424H   LINE      CODE     ---       #839
      00FF142BH   LINE      CODE     ---       #841
      00FF142EH   LINE      CODE     ---       #842
      00FF1431H   LINE      CODE     ---       #845
      00FF1439H   LINE      CODE     ---       #847
      00FF1440H   LINE      CODE     ---       #849
      00FF1443H   LINE      CODE     ---       #850
      00FF1446H   LINE      CODE     ---       #851
      00FF1449H   LINE      CODE     ---       #853
      00FF1450H   LINE      CODE     ---       #854
      00FF1454H   LINE      CODE     ---       #855
      00FF1458H   LINE      CODE     ---       #856
      00FF1460H   LINE      CODE     ---       #858
      00FF1463H   LINE      CODE     ---       #860
      00FF1465H   LINE      CODE     ---       #862
      00FF1468H   LINE      CODE     ---       #863
      00FF1468H   LINE      CODE     ---       #865
      00FF146BH   LINE      CODE     ---       #866
      00FF146EH   LINE      CODE     ---       #867
      00FF1471H   LINE      CODE     ---       #868
      00FF1474H   LINE      CODE     ---       #870
      ---         BLOCKEND  ---      ---       LVL=0

      ---         MODULE    ---      ---       system
      000000D0H   SFRSYM    DATA     BYTE      PSW
      0000009DH   SFRSYM    DATA     BYTE      IRCBAND
      00000097H   SFRSYM    DATA     BYTE      AUXR2
L251 LINKER/LOCATER V4.66.93.0                                                        05/07/2024  18:43:57  PAGE 30


      000000EFH   SFRSYM    DATA     BYTE      AUXINTIF
      000000FDH   SFRSYM    DATA     BYTE      S4CON
      000000ACH   SFRSYM    DATA     BYTE      S3CON
      0000009AH   SFRSYM    DATA     BYTE      S2CON
      000000B7H   SFRSYM    DATA     BYTE      IPH
      000000CDH   SFRSYM    DATA     BYTE      SPSTAT
      000000DDH   SFRSYM    DATA     BYTE      T4T3M
      000000C1H   SFRSYM    DATA     BYTE      WDT_CONTR
      000000DFH   SFRSYM    DATA     BYTE      IP3
      000000F4H   SFRSYM    DATA     BYTE      USBCON
      000000B5H   SFRSYM    DATA     BYTE      IP2
      000000FFH   SFRSYM    DATA     BYTE      RSTCFG
      000000C7H   SFRSYM    DATA     BYTE      IAP_CONTR
      000000F9H   SFRSYM    DATA     BYTE      LINICR
      0000008EH   SFRSYM    DATA     BYTE      AUXR
      000000AFH   SFRSYM    DATA     BYTE      IE2
      00000088H   SFRSYM    DATA     BYTE      TCON
      00000089H   SFRSYM    DATA     BYTE      TMOD
      00000098H   SFRSYM    DATA     BYTE      SCON
      000000F1H   SFRSYM    DATA     BYTE      CANICR
      00000087H   SFRSYM    DATA     BYTE      PCON
      000000BCH   SFRSYM    DATA     BYTE      ADC_CONTR
      000000E7H   SFRSYM    DATA     BYTE      CMPCR2
      000000E6H   SFRSYM    DATA     BYTE      CMPCR1
      000000DEH   SFRSYM    DATA     BYTE      ADCCFG
      000000B8H   SFRSYM    DATA     BYTE      IP
      0000008FH   SFRSYM    DATA     BYTE      INTCLKO
      000000EEH   SFRSYM    DATA     BYTE      IP3H
      000000B6H   SFRSYM    DATA     BYTE      IP2H
      000000A8H   SFRSYM    DATA     BYTE      IE
      000000BBH   SFRSYM    DATA     BYTE      P_SW3
      000000BAH   SFRSYM    DATA     BYTE      P_SW2
      000000A2H   SFRSYM    DATA     BYTE      P_SW1
      000000CEH   SFRSYM    DATA     BYTE      SPCTL
      000000F8H   SFRSYM    DATA     BYTE      P7
      000000E8H   SFRSYM    DATA     BYTE      P6
      000000C8H   SFRSYM    DATA     BYTE      P5
      000000C0H   SFRSYM    DATA     BYTE      P4
      000000B0H   SFRSYM    DATA     BYTE      P3
      000000A0H   SFRSYM    DATA     BYTE      P2
      00000090H   SFRSYM    DATA     BYTE      P1
      00000080H   SFRSYM    DATA     BYTE      P0

      ---         MODULE    ---      ---       ?C?FPMUL
      00FF0026H   PUBLIC    CODE     ---       ?C?FPMUL

      ---         MODULE    ---      ---       ?C?FPDIV
      00FF00C6H   PUBLIC    CODE     ---       ?C?FPDIV

      ---         MODULE    ---      ---       ?C?FCAST
      00FF0151H   PUBLIC    CODE     NEAR LAB  ?C?FCASTC
      00FF014CH   PUBLIC    CODE     NEAR LAB  ?C?FCASTI
      00FF0147H   PUBLIC    CODE     NEAR LAB  ?C?FCASTL

      ---         MODULE    ---      ---       ?C?CASTF
      00FF0184H   PUBLIC    CODE     NEAR LAB  ?C?CASTF

      ---         MODULE    ---      ---       SPRINTF
      000000FAH   PUBLIC    EDATA    ---       ?SPRINTF?BYTE
      00FF01C1H   PUBLIC    CODE     NEAR LAB  SPRINTF

      ---         MODULE    ---      ---       ?C?FPGETOPN
      00FF01E1H   PUBLIC    CODE     ---       ?C?FPGETOPN2
      00FF021EH   PUBLIC    CODE     ---       ?C?FPNANRESULT
      00FF0226H   PUBLIC    CODE     ---       ?C?FPOVERFLOW
L251 LINKER/LOCATER V4.66.93.0                                                        05/07/2024  18:43:57  PAGE 31


      00FF01FAH   PUBLIC    CODE     ---       ?C?FPRESULT
      00FF0210H   PUBLIC    CODE     ---       ?C?FPRESULT2
      00FF0223H   PUBLIC    CODE     ---       ?C?FPUNDERFLOW

      ---         MODULE    ---      ---       ?C?PRNFMT
      00FF025FH   PUBLIC    CODE     ---       ?C?PRNFMT

      ---         MODULE    ---      ---       ?C?FPCONVERT
      00FF067CH   PUBLIC    CODE     ---       ?C?FPCONVERT
      00FF0734H   PUBLIC    CODE     ---       ?C?FPROUND

      ---         MODULE    ---      ---       ?C?FTNPWR
      00FF07A7H   PUBLIC    CODE     ---       ?C?FTNPWR

      ---         MODULE    ---      ---       ?C_START
      00FF0000H   PUBLIC    CODE     ---       ?C?STARTUP
      00FF0000H   PUBLIC    CODE     ---       ?C_STARTUP

      ---         MODULE    ---      ---       ?C?INITEDATA
      00FF1300H   PUBLIC    CODE     ---       ?C?INITEDATA

      ---         MODULE    ---      ---       ?C?INITHDATA
      00FF1329H   PUBLIC    CODE     ---       ?C?INITHDATA

      ---         MODULE    ---      ---       ?C?SLDIV
      00FF07DEH   PUBLIC    CODE     NEAR LAB  ?C?SLDIV

      ---         MODULE    ---      ---       STRLEN
      00FF19E1H   PUBLIC    CODE     ---       strlen?_

      ---         MODULE    ---      ---       memcpy
      00FF1808H   PUBLIC    CODE     ---       memcpy?_

      ---         MODULE    ---      ---       memset
      00FF1948H   PUBLIC    CODE     ---       memset?_

      ---         MODULE    ---      ---       ?C?INITEDATA_END
      00FF1C61H   PUBLIC    HCONST   WORD      ?C?INITEDATA_END

      ---         MODULE    ---      ---       ?C?INITHDATA_END
      00FF1B58H   PUBLIC    HCONST   WORD      ?C?INITHDATA_END

      ---         MODULE    ---      ---       ?C?ULDIV
      00FF0814H   PUBLIC    CODE     NEAR LAB  ?C?ULDIV
      00FF0812H   PUBLIC    CODE     NEAR LAB  ?C?ULIDIV

Program Size: data=8.1 edata+hdata=479 xdata=331 const=631 code=6659
L251 RUN COMPLETE.  0 WARNING(S),  0 ERROR(S)
