C251 COMPILER V5.60.0,  system                                                             11/10/23  19:19:20  PAGE 1   


C251 COMPILER V5.60.0, COMPILATION OF MODULE system
OBJECT MODULE PLACED IN system.OBJ
COMPILER INVOKED BY: D:\KeilMDK\C251\BIN\C251.EXE system.c INTR2 BROWSE INCDIR(.\Ads1110;.\iic;.\IO;.\mcp4725;.\MwPro;.\
                    -uart) DEBUG PRINT(.\Listings\system.lst) 

stmt  level    source

    1          #include "system.h"
    2          
    3          #if 0
               void TimerAInit()
               { 
                   TA1CTL = TASSEL_1 + MC_1 + TACLR;         // ACLK, upmode, clear TAR
                   TA1CCTL0 = CCIE;                          // CCR0 interrupt enabled
                   TA1CCR0 = 32880;//32770-1;                      // 1s 相当于32776 个ACLK 
                   _EINT();
               }
               #endif
   12          


Module Information          Static   Overlayable
------------------------------------------------
  code size            =    ------     ------
  ecode size           =    ------     ------
  data size            =    ------     ------
  idata size           =    ------     ------
  pdata size           =    ------     ------
  xdata size           =    ------     ------
  xdata-const size     =    ------     ------
  edata size           =    ------     ------
  bit size             =    ------     ------
  ebit size            =    ------     ------
  bitaddressable size  =    ------     ------
  ebitaddressable size =    ------     ------
  far data size        =    ------     ------
  huge data size       =    ------     ------
  const size           =    ------     ------
  hconst size          =    ------     ------
End of Module Information.


C251 COMPILATION COMPLETE.  0 WARNING(S),  0 ERROR(S)
