################################################################################
#                                                                              #
#      IAR Universal Linker V6.3.2.73                                          #
#                                                                              #
#           Link time     =  15/Aug/2022  10:44:22                             #
#           Target CPU    =  MSP430                                            #
#           List file     =  E:\kc\QrjIo\Debug\List\QrjIo.map                  #
#           Output file 1 =  E:\kc\QrjIo\Debug\Exe\QrjIo.d43                   #
#                            Format: ubrof10                                   #
#                            UBROF version 10.0.6                              #
#                            Using library modules for C-SPY (-rt)             #
#           Command line  =  E:\kc\QrjIo\Debug\Obj\ads1110.r43                 #
#                            E:\kc\QrjIo\Debug\Obj\i2c.r43                     #
#                            E:\kc\QrjIo\Debug\Obj\io.r43                      #
#                            E:\kc\QrjIo\Debug\Obj\main.r43                    #
#                            E:\kc\QrjIo\Debug\Obj\mcp4725.r43                 #
#                            E:\kc\QrjIo\Debug\Obj\MwPro.r43                   #
#                            E:\kc\QrjIo\Debug\Obj\system.r43                  #
#                            E:\kc\QrjIo\Debug\Obj\Uart.r43 -o                 #
#                            E:\kc\QrjIo\Debug\Exe\QrjIo.d43 -l                #
#                            E:\kc\QrjIo\Debug\List\QrjIo.map -xms             #
#                            "-IC:\Program Files (x86)\IAR Systems\Embedded Wo #
#                            rkbench 7.2\430\LIB\"                             #
#                            -f                                                #
#                            "C:\Program Files (x86)\IAR Systems\Embedded Work #
#                            bench 7.2\430\config\linker\lnk430fg4619.xcl"     #
#                            (-cmsp430 -QCODE_I=CODE_ID -QTLS16_I=TLS16_ID     #
#                            -D__iar_HWMUL=130 -Z(CONST)INFO=1000-10FF         #
#                            -Z(CONST)INFOA=1080-10FF                          #
#                            -Z(CONST)INFOB=1000-107F                          #
#                            -Z(DATA)DATA16_I,DATA16_Z,DATA16_N,TLS16_I=1100-2 #
#                            0FF                                               #
#                            -Z(DATA)DATA16_HEAP+_DATA16_HEAP_SIZE             #
#                            -Z(DATA)CODE_I                                    #
#                            -Z(DATA)DATA20_I,DATA20_Z,DATA20_N,DATA20_HEAP+_D #
#                            ATA20_HEAP_SIZE                                   #
#                            -Z(DATA)CSTACK+_STACK_SIZE#                       #
#                            -Z(CONST)DATA16_C,DATA16_ID,TLS16_ID,DIFUNCT,CHEC #
#                            KSUM=2100-FFBF                                    #
#                            -Z(CODE)CSTART,ISR_CODE,CODE16=2100-FFBF          #
#                            -P(CODE)CODE=2100-FFBF,10000-1FFFF                #
#                            -Z(CONST)DATA20_C,DATA20_ID,CODE_ID=2100-FFBF,100 #
#                            40-1FFFF                                          #
#                            -Z(CODE)INTVEC=FFC0-FFFF                          #
#                            -Z(CODE)RESET=FFFE-FFFF) -f                       #
#                            "C:\Program Files (x86)\IAR Systems\Embedded Work #
#                            bench 7.2\430\config\linker\multiplier.xcl"       #
#                            (-e?Mul8Hw=?Mul8 -e?Mul16Hw=?Mul16                #
#                            -e?Mul16to32uHw=?Mul16to32u                       #
#                            -e?Mul16to32sHw=?Mul16to32s -e?Mul32Hw=?Mul32     #
#                            -e_Mul64iHw=_Mul64i                               #
#                            -e_Mul32u32uto64iHw=_Mul32u32uto64i               #
#                            -e?Mul32fHw=_Mul32f -e_Mul64fHwPtr=_Mul64fPtr)    #
#                            -D_STACK_SIZE=50 -rt                              #
#                            "C:\Program Files (x86)\IAR Systems\Embedded Work #
#                            bench 7.2\430\lib\clib\cl430xllf.r43"             #
#                            -e_large_write=_formatted_write                   #
#                            -e_large_read=_formatted_read                     #
#                            -D_DATA16_HEAP_SIZE=50 -s __program_start         #
#                            -D_DATA20_HEAP_SIZE=50                            #
#                                                                              #
#                           Copyright (C) 1987-2015 IAR Systems AB.            #
################################################################################





                ****************************************
                *                                      *
                *           CROSS REFERENCE            *
                *                                      *
                ****************************************

       Program entry at :           2100  Relocatable, from module : ?cstart




                ****************************************
                *                                      *
                *            RUNTIME MODEL             *
                *                                      *
                ****************************************

  __SystemLibrary = CLib
  __code_model    = large
  __core          = 430X
  __data_model    = large
  __double_size   = 32
  __pic           = no
  __reg_r4        = free
  __reg_r5        = free
  __rt_version    = 3

                ****************************************
                *                                      *
                *    AUTOMATIC SYMBOL REDIRECTIONS     *
                *                                      *
                ****************************************

                  There are no automatic symbol redirections.



                ****************************************
                *                                      *
                *              MODULE MAP              *
                *                                      *
                ****************************************


  DEFINED ABSOLUTE ENTRIES
    *************************************************************************

  DEFINED ABSOLUTE ENTRIES
  PROGRAM MODULE, NAME : ?ABS_ENTRY_MOD

Absolute parts
           ENTRY                   ADDRESS         REF BY
           =====                   =======         ======
           _DATA20_HEAP_SIZE       0050 
           _DATA16_HEAP_SIZE       0050 
           _STACK_SIZE             0050 
           __iar_HWMUL             0130            ?Mul32fHw (?Mul32fHw)
    *************************************************************************

  FILE NAME : E:\kc\QrjIo\Debug\Obj\ads1110.r43
    *************************************************************************

  FILE NAME : E:\kc\QrjIo\Debug\Obj\i2c.r43
    *************************************************************************

  FILE NAME : E:\kc\QrjIo\Debug\Obj\io.r43
  PROGRAM MODULE, NAME : io

  SEGMENTS IN THE MODULE
  ======================
DATA16_AN
  Relative segment, address: 0022 - 0022 (0x1 bytes), align: 0
  Segment part 1. ROOT        Intra module refs:   IOInit
           ENTRY                   ADDRESS         REF BY
           =====                   =======         ======
           P1DIR                   0022 
    -------------------------------------------------------------------------
DATA16_AN
  Relative segment, address: 002A - 002A (0x1 bytes), align: 0
  Segment part 2. ROOT        Intra module refs:   IOInit
           ENTRY                   ADDRESS         REF BY
           =====                   =======         ======
           P2DIR                   002A 
    -------------------------------------------------------------------------
DATA16_AN
  Relative segment, address: 001E - 001E (0x1 bytes), align: 0
  Segment part 3. ROOT        Intra module refs:   IOInit
                                                   MCP4725_OutVol (mcp4725)
                                                   MCP4725_OutVol2 (mcp4725)
                                                   Read4_20ma (main)
                                                   UartConfig2 (Uart)
           ENTRY                   ADDRESS         REF BY
           =====                   =======         ======
           P4DIR                   001E 
    -------------------------------------------------------------------------
DATA16_AN
  Relative segment, address: 0035 - 0035 (0x1 bytes), align: 0
  Segment part 4. ROOT        Intra module refs:   IOInit
                                                   Output (main)
                                                   PowerOff (main)
                                                   RunLed (main)
                                                   main (main)
           ENTRY                   ADDRESS         REF BY
           =====                   =======         ======
           P6OUT                   0035 
    -------------------------------------------------------------------------
DATA16_AN
  Relative segment, address: 0036 - 0036 (0x1 bytes), align: 0
  Segment part 5. ROOT        Intra module refs:   IOInit
           ENTRY                   ADDRESS         REF BY
           =====                   =======         ======
           P6DIR                   0036 
    -------------------------------------------------------------------------
DATA16_AN
  Relative segment, address: 003A - 003B (0x2 bytes), align: 0
  Segment part 6. ROOT        Intra module refs:   IOInit
                                                   Output (main)
                                                   Task_1s (main)
           ENTRY                   ADDRESS         REF BY
           =====                   =======         ======
           _A_P7OUT                003A 
           LOCAL                   ADDRESS         
           =====                   =======         
           P7OUT                   003A 
           P8OUT                   003B 
           PAOUT                   003A 
    -------------------------------------------------------------------------
DATA16_AN
  Relative segment, address: 003C - 003D (0x2 bytes), align: 0
  Segment part 7. ROOT        Intra module refs:   IOInit
                                                   Task_1s (main)
           ENTRY                   ADDRESS         REF BY
           =====                   =======         ======
           _A_P7DIR                003C 
           LOCAL                   ADDRESS         
           =====                   =======         
           P7DIR                   003C 
           P8DIR                   003D 
           PADIR                   003C 
    -------------------------------------------------------------------------
DATA16_AN
  Relative segment, address: 000A - 000B (0x2 bytes), align: 0
  Segment part 8. ROOT        Intra module refs:   IOInit
                                                   Output (main)
                                                   Task_1s (main)
           ENTRY                   ADDRESS         REF BY
           =====                   =======         ======
           _A_P9OUT                000A 
           LOCAL                   ADDRESS         
           =====                   =======         
           P10OUT                  000B 
           P9OUT                   000A 
           PBOUT                   000A 
    -------------------------------------------------------------------------
DATA16_AN
  Relative segment, address: 000C - 000D (0x2 bytes), align: 0
  Segment part 9. ROOT        Intra module refs:   IOInit
                                                   Task_1s (main)
           ENTRY                   ADDRESS         REF BY
           =====                   =======         ======
           _A_P9DIR                000C 
           LOCAL                   ADDRESS         
           =====                   =======         
           P10DIR                  000D 
           P9DIR                   000C 
           PBDIR                   000C 
    -------------------------------------------------------------------------
<CODE> 1 (was CODE)
  Relative segment, address: 4454 - 44B5 (0x62 bytes), align: 1
  Segment part 11.
           ENTRY                   ADDRESS         REF BY
           =====                   =======         ======
           IOInit                  4454            PowerOff (main)
                                                   main (main)

    *************************************************************************

  FILE NAME : E:\kc\QrjIo\Debug\Obj\main.r43
  PROGRAM MODULE, NAME : main

  SEGMENTS IN THE MODULE
  ======================
DATA16_AN
  Relative segment, address: 0020 - 0020 (0x1 bytes), align: 0
  Segment part 1. ROOT        Intra module refs:   GetInput
           ENTRY                   ADDRESS         REF BY
           =====                   =======         ======
           P1IN                    0020 
    -------------------------------------------------------------------------
DATA16_AN
  Relative segment, address: 0028 - 0028 (0x1 bytes), align: 0
  Segment part 2. ROOT        Intra module refs:   GetInput
           ENTRY                   ADDRESS         REF BY
           =====                   =======         ======
           P2IN                    0028 
    -------------------------------------------------------------------------
DATA16_AN
  Relative segment, address: 001C - 001C (0x1 bytes), align: 0
  Segment part 3. ROOT        Intra module refs:   MCP4725_OutVol (mcp4725)
                                                   MCP4725_OutVol2 (mcp4725)
                                                   Read4_20ma
           ENTRY                   ADDRESS         REF BY
           =====                   =======         ======
           P4IN                    001C 
    -------------------------------------------------------------------------
DATA16_AN
  Relative segment, address: 001D - 001D (0x1 bytes), align: 0
  Segment part 4. ROOT        Intra module refs:   MCP4725_OutVol (mcp4725)
                                                   MCP4725_OutVol2 (mcp4725)
                                                   Read4_20ma
           ENTRY                   ADDRESS         REF BY
           =====                   =======         ======
           P4OUT                   001D 
    -------------------------------------------------------------------------
DATA16_AN
  Relative segment, address: 0038 - 0039 (0x2 bytes), align: 0
  Segment part 7. ROOT        Intra module refs:   Task_1s
           ENTRY                   ADDRESS         REF BY
           =====                   =======         ======
           _A_P7IN                 0038 
           LOCAL                   ADDRESS         
           =====                   =======         
           P7IN                    0038 
           P8IN                    0039 
           PAIN                    0038 
    -------------------------------------------------------------------------
DATA16_AN
  Relative segment, address: 0008 - 0009 (0x2 bytes), align: 0
  Segment part 10. ROOT       Intra module refs:   HndPaper
                                                   Task_1s
           ENTRY                   ADDRESS         REF BY
           =====                   =======         ======
           _A_P9IN                 0008 
           LOCAL                   ADDRESS         
           =====                   =======         
           P10IN                   0009 
           P9IN                    0008 
           PBIN                    0008 
    -------------------------------------------------------------------------
DATA20_Z
  Relative segment, address: 1102 - 1103 (0x2 bytes), align: 1
  Segment part 20.            Intra module refs:   IoCtl
                                                   LampCtl
                                                   OutCtl
                                                   OutTask
                                                   SndCtl
           ENTRY                   ADDRESS         REF BY
           =====                   =======         ======
           OutStatus               1102 
    -------------------------------------------------------------------------
DATA20_Z
  Relative segment, address: 1104 - 1105 (0x2 bytes), align: 1
  Segment part 21.            Intra module refs:   IoCtl
                                                   LampCtl
                                                   OutCtl
                                                   OutTask
                                                   SndCtl
           ENTRY                   ADDRESS         REF BY
           =====                   =======         ======
           OutMode                 1104 
    -------------------------------------------------------------------------
DATA20_Z
  Relative segment, address: 1106 - 1107 (0x2 bytes), align: 1
  Segment part 22.            Intra module refs:   PowerHnd
                                                   TimerTask
           ENTRY                   ADDRESS         REF BY
           =====                   =======         ======
           RunTime                 1106 
    -------------------------------------------------------------------------
DATA20_Z
  Relative segment, address: 1108 - 1109 (0x2 bytes), align: 1
  Segment part 23.            Intra module refs:   TimerTask
           ENTRY                   ADDRESS         REF BY
           =====                   =======         ======
           TaskTime                1108 
    -------------------------------------------------------------------------
DATA20_Z
  Relative segment, address: 1158 - 1158 (0x1 bytes), align: 0
  Segment part 24.            Intra module refs:   TimerTask
                                                   main
           ENTRY                   ADDRESS         REF BY
           =====                   =======         ======
           TaskMask                1158 
    -------------------------------------------------------------------------
DATA20_Z
  Relative segment, address: 1159 - 1159 (0x1 bytes), align: 0
  Segment part 25.            Intra module refs:   HndInput
                                                   ReportInput
                                                   main
           ENTRY                   ADDRESS         REF BY
           =====                   =======         ======
           InputReport             1159 
    -------------------------------------------------------------------------
DATA20_Z
  Relative segment, address: 115A - 115A (0x1 bytes), align: 0
  Segment part 26.            Intra module refs:   HndInput
                                                   ReportInput
           ENTRY                   ADDRESS         REF BY
           =====                   =======         ======
           InputStatus             115A 
    -------------------------------------------------------------------------
DATA20_I
  Relative segment, address: 1100 - 1100 (0x1 bytes), align: 0
  Segment part 27.            Intra module refs:   GetFlow
                                                   Task_1s
           ENTRY                   ADDRESS         REF BY
           =====                   =======         ======
           NeedGetFlow             1100 
    -------------------------------------------------------------------------
DATA20_Z
  Relative segment, address: 115B - 115B (0x1 bytes), align: 0
  Segment part 29.            Intra module refs:   HndPaper
                                                   ReportInput
           ENTRY                   ADDRESS         REF BY
           =====                   =======         ======
           PaperErr                115B 
    -------------------------------------------------------------------------
DATA20_Z
  Relative segment, address: 115C - 115E (0x3 bytes), align: 0
  Segment part 30.            Intra module refs:   CtlPaper
                                                   HndPaper
                                                   TimerTask
           ENTRY                   ADDRESS         REF BY
           =====                   =======         ======
           Paper                   115C 
    -------------------------------------------------------------------------
DATA20_Z
  Relative segment, address: 110A - 110B (0x2 bytes), align: 1
  Segment part 31.            Intra module refs:   CtlPaper
                                                   HndPaper
           ENTRY                   ADDRESS         REF BY
           =====                   =======         ======
           PaperPluse              110A 
    -------------------------------------------------------------------------
DATA20_Z
  Relative segment, address: 110C - 110D (0x2 bytes), align: 1
  Segment part 32.            Intra module refs:   CtlPaper
                                                   HndPaper
                                                   TimerTask
           ENTRY                   ADDRESS         REF BY
           =====                   =======         ======
           PaperTimer              110C 
    -------------------------------------------------------------------------
DATA20_Z
  Relative segment, address: 110E - 110F (0x2 bytes), align: 1
  Segment part 33.            Intra module refs:   ReportInput
                                                   TimerTask
           ENTRY                   ADDRESS         REF BY
           =====                   =======         ======
           CommIdleTime            110E            SendCmd (MwPro)
    -------------------------------------------------------------------------
DATA20_Z
  Relative segment, address: 115F - 1166 (0x8 bytes), align: 0
  Segment part 34.            Intra module refs:   GetFlow
                                                   Task_1s
           ENTRY                   ADDRESS         REF BY
           =====                   =======         ======
           g_BaseInfo              115F 
    -------------------------------------------------------------------------
DATA20_Z
  Relative segment, address: 1110 - 1111 (0x2 bytes), align: 1
  Segment part 35.            Intra module refs:   OutFlash
                                                   OutVal
           LOCAL                   ADDRESS         
           =====                   =======         
           OutHis                  1110 
    -------------------------------------------------------------------------
DATA20_Z
  Relative segment, address: 1112 - 1151 (0x40 bytes), align: 1
  Segment part 36.            Intra module refs:   OutFlash
           ENTRY                   ADDRESS         REF BY
           =====                   =======         ======
           FlashIoTimer            1112 
    -------------------------------------------------------------------------
<CODE> 1 (was CODE)
  Relative segment, address: 4B2A - 4B43 (0x1a bytes), align: 1
  Segment part 67.            Intra module refs:   HndInput
           ENTRY                   ADDRESS         REF BY
           =====                   =======         ======
           Sleep                   4B2A 
    -------------------------------------------------------------------------
<CODE> 1 (was CODE)
  Relative segment, address: 34B0 - 36D3 (0x224 bytes), align: 1
  Segment part 66.            Intra module refs:   OutFlash
                                                   OutVal
           ENTRY                   ADDRESS         REF BY
           =====                   =======         ======
           Output                  34B0 
    -------------------------------------------------------------------------
<CODE> 1 (was CODE)
  Relative segment, address: 4322 - 4389 (0x68 bytes), align: 1
  Segment part 65.            Intra module refs:   OutTask
           ENTRY                   ADDRESS         REF BY
           =====                   =======         ======
           OutFlash                4322 
               calls direct
    -------------------------------------------------------------------------
<CODE> 1 (was CODE)
  Relative segment, address: 46B8 - 46FF (0x48 bytes), align: 1
  Segment part 64.            Intra module refs:   OutTask
                                                   PowerHnd
                                                   main
           ENTRY                   ADDRESS         REF BY
           =====                   =======         ======
           OutVal                  46B8 
               calls direct
    -------------------------------------------------------------------------
<CODE> 1 (was CODE)
  Relative segment, address: 4124 - 41A9 (0x86 bytes), align: 1
  Segment part 63.            Intra module refs:   TimerTask
           ENTRY                   ADDRESS         REF BY
           =====                   =======         ======
           OutTask                 4124 
               calls direct
    -------------------------------------------------------------------------
<CODE> 1 (was CODE)
  Relative segment, address: 2168 - 294F (0x7e8 bytes), align: 1
  Segment part 62.            Intra module refs:   main
           ENTRY                   ADDRESS         REF BY
           =====                   =======         ======
           Task_1s                 2168 
               calls direct
    -------------------------------------------------------------------------
<CODE> 1 (was CODE)
  Relative segment, address: 47C8 - 4807 (0x40 bytes), align: 1
  Segment part 61.            Intra module refs:   TimerTask
           ENTRY                   ADDRESS         REF BY
           =====                   =======         ======
           RunLed                  47C8 
    -------------------------------------------------------------------------
DATA20_Z
  Relative segment, address: 1152 - 1153 (0x2 bytes), align: 1
  Segment part 37.            Intra module refs:   RunLed
           LOCAL                   ADDRESS         
           =====                   =======         
           RunLed::tm              1152 
    -------------------------------------------------------------------------
<CODE> 1 (was CODE)
  Relative segment, address: 41AA - 422D (0x84 bytes), align: 1
  Segment part 60.            Intra module refs:   main
           ENTRY                   ADDRESS         REF BY
           =====                   =======         ======
           TimerTask               41AA            SendCmd (MwPro)
               calls direct
    -------------------------------------------------------------------------
<CODE> 1 (was CODE)
  Relative segment, address: 3E48 - 3F21 (0xda bytes), align: 1
  Segment part 59.            Intra module refs:   CtlPaper
                                                   HndPaper
                                                   IoCtl
                                                   LampCtl
                                                   SndCtl
                                                   main
           ENTRY                   ADDRESS         REF BY
           =====                   =======         ======
           OutCtl                  3E48 
    -------------------------------------------------------------------------
<CODE> 1 (was CODE)
  Relative segment, address: 44B6 - 4515 (0x60 bytes), align: 1
  Segment part 58.            Intra module refs:   HndUartFrame
           ENTRY                   ADDRESS         REF BY
           =====                   =======         ======
           LampCtl                 44B6 
               calls direct
    -------------------------------------------------------------------------
<CODE> 1 (was CODE)
  Relative segment, address: 4A64 - 4A89 (0x26 bytes), align: 1
  Segment part 57.            Intra module refs:   HndUartFrame
           ENTRY                   ADDRESS         REF BY
           =====                   =======         ======
           SndCtl                  4A64 
               calls direct
    -------------------------------------------------------------------------
<CODE> 1 (was CODE)
  Relative segment, address: 43F2 - 4453 (0x62 bytes), align: 1
  Segment part 56.            Intra module refs:   HndUartFrame
           ENTRY                   ADDRESS         REF BY
           =====                   =======         ======
           IoCtl                   43F2 
               calls direct
    -------------------------------------------------------------------------
<CODE> 1 (was CODE)
  Relative segment, address: 4C3E - 4C4F (0x12 bytes), align: 1
  Segment part 55.            Intra module refs:   HndUartFrame
           ENTRY                   ADDRESS         REF BY
           =====                   =======         ======
           GetFlow                 4C3E 
               calls direct
    -------------------------------------------------------------------------
<CODE> 1 (was CODE)
  Relative segment, address: 4848 - 4883 (0x3c bytes), align: 1
  Segment part 54.            Intra module refs:   HndUartFrame
           ENTRY                   ADDRESS         REF BY
           =====                   =======         ======
           CtlPaper                4848 
               calls direct
    -------------------------------------------------------------------------
<CODE> 1 (was CODE)
  Relative segment, address: 498E - 49B9 (0x2c bytes), align: 1
  Segment part 53.            Intra module refs:   HndUartFrame
                                                   main
           ENTRY                   ADDRESS         REF BY
           =====                   =======         ======
           Out4_20ma               498E 
               calls direct
    -------------------------------------------------------------------------
<CODE> 1 (was CODE)
  Relative segment, address: 49E6 - 4A11 (0x2c bytes), align: 1
  Segment part 52.            Intra module refs:   HndUartFrame
           ENTRY                   ADDRESS         REF BY
           =====                   =======         ======
           Out4_20ma_2             49E6 
               calls direct
    -------------------------------------------------------------------------
<CODE> 1 (was CODE)
  Relative segment, address: 31BC - 34AF (0x2f4 bytes), align: 1
  Segment part 51.            Intra module refs:   HndUartFrame
           ENTRY                   ADDRESS         REF BY
           =====                   =======         ======
           Read4_20ma              31BC 
               calls direct
    -------------------------------------------------------------------------
<CODE> 1 (was CODE)
  Relative segment, address: 4A12 - 4A3B (0x2a bytes), align: 1
  Segment part 50.            Intra module refs:   HndUartFrame
           ENTRY                   ADDRESS         REF BY
           =====                   =======         ======
           GetVer                  4A12 
               calls direct
    -------------------------------------------------------------------------
<CODE> 1 (was CODE)
  Relative segment, address: 42AA - 4321 (0x78 bytes), align: 1
  Segment part 49.            Intra module refs:   HndUartData
           ENTRY                   ADDRESS         REF BY
           =====                   =======         ======
           HndUartFrame            42AA 
               calls direct
    -------------------------------------------------------------------------
<CODE> 1 (was CODE)
  Relative segment, address: 4A8A - 4AAB (0x22 bytes), align: 1
  Segment part 48.            Intra module refs:   main
           ENTRY                   ADDRESS         REF BY
           =====                   =======         ======
           HndUartData             4A8A 
               calls direct
    -------------------------------------------------------------------------
<CODE> 1 (was CODE)
  Relative segment, address: 4C16 - 4C29 (0x14 bytes), align: 1
  Segment part 47.            Intra module refs:   PowerHnd
           ENTRY                   ADDRESS         REF BY
           =====                   =======         ======
           PowerOff                4C16 
               calls direct
    -------------------------------------------------------------------------
<CODE> 1 (was CODE)
  Relative segment, address: 48C0 - 48F3 (0x34 bytes), align: 1
  Segment part 46.            Intra module refs:   HndInput
           ENTRY                   ADDRESS         REF BY
           =====                   =======         ======
           PowerHnd                48C0 
               calls direct
    -------------------------------------------------------------------------
<CODE> 1 (was CODE)
  Relative segment, address: 4BA8 - 4BBF (0x18 bytes), align: 1
  Segment part 45.            Intra module refs:   HndInput
           ENTRY                   ADDRESS         REF BY
           =====                   =======         ======
           GetInput                4BA8 
    -------------------------------------------------------------------------
<CODE> 1 (was CODE)
  Relative segment, address: 461A - 466D (0x54 bytes), align: 1
  Segment part 44.            Intra module refs:   main
           ENTRY                   ADDRESS         REF BY
           =====                   =======         ======
           HndInput                461A            SendCmd (MwPro)
               calls direct
    -------------------------------------------------------------------------
DATA20_Z
  Relative segment, address: 1167 - 1167 (0x1 bytes), align: 0
  Segment part 38.            Intra module refs:   HndInput
           LOCAL                   ADDRESS         
           =====                   =======         
           HndInput::InHis         1167 
    -------------------------------------------------------------------------
DATA20_Z
  Relative segment, address: 1168 - 1168 (0x1 bytes), align: 0
  Segment part 39.            Intra module refs:   HndInput
           LOCAL                   ADDRESS         
           =====                   =======         
           HndInput::RpHis         1168 
    -------------------------------------------------------------------------
<CODE> 1 (was CODE)
  Relative segment, address: 422E - 42A9 (0x7c bytes), align: 1
  Segment part 43.            Intra module refs:   main
           ENTRY                   ADDRESS         REF BY
           =====                   =======         ======
           HndPaper                422E 
               calls direct
    -------------------------------------------------------------------------
DATA20_Z
  Relative segment, address: 1169 - 1169 (0x1 bytes), align: 0
  Segment part 40.            Intra module refs:   HndPaper
           LOCAL                   ADDRESS         
           =====                   =======         
           HndPaper::IrHis         1169 
    -------------------------------------------------------------------------
<CODE> 1 (was CODE)
  Relative segment, address: 466E - 46B7 (0x4a bytes), align: 1
  Segment part 42.            Intra module refs:   main
           ENTRY                   ADDRESS         REF BY
           =====                   =======         ======
           ReportInput             466E 
               calls direct
    -------------------------------------------------------------------------
<CODE> 1 (was CODE)
  Relative segment, address: 438A - 43F1 (0x68 bytes), align: 1
  Segment part 41.
           ENTRY                   ADDRESS         REF BY
           =====                   =======         ======
           main                    438A            Segment part 26 (?cstart)
               calls direct
    -------------------------------------------------------------------------
DATA20_ID
  Relative segment, address: 4D0C - 4D0C (0x1 bytes), align: 0
  Segment part 28.            Intra module refs:   NeedGetFlow
    -------------------------------------------------------------------------
DATA20_C
  Relative segment, address: 4CCC - 4CD1 (0x6 bytes), align: 0
  Segment part 19.            Intra module refs:   GetVer

    *************************************************************************

  FILE NAME : E:\kc\QrjIo\Debug\Obj\mcp4725.r43
  PROGRAM MODULE, NAME : mcp4725

  SEGMENTS IN THE MODULE
  ======================
<CODE> 1 (was CODE)
  Relative segment, address: 38BA - 3A57 (0x19e bytes), align: 1
  Segment part 6.
           ENTRY                   ADDRESS         REF BY
           =====                   =======         ======
           MCP4725_OutVol          38BA            Out4_20ma (main)
               calls direct
    -------------------------------------------------------------------------
<CODE> 1 (was CODE)
  Relative segment, address: 36D4 - 38B9 (0x1e6 bytes), align: 1
  Segment part 5.
           ENTRY                   ADDRESS         REF BY
           =====                   =======         ======
           MCP4725_OutVol2         36D4            Out4_20ma_2 (main)
               calls direct

    *************************************************************************

  FILE NAME : E:\kc\QrjIo\Debug\Obj\MwPro.r43
  PROGRAM MODULE, NAME : MwPro

  SEGMENTS IN THE MODULE
  ======================
<CODE> 1 (was CODE)
  Relative segment, address: 4B44 - 4B5D (0x1a bytes), align: 1
  Segment part 7.             Intra module refs:   SendCmd
                                                   ValidUartFrame
           ENTRY                   ADDRESS         REF BY
           =====                   =======         ======
           CheckSum                4B44 
    -------------------------------------------------------------------------
<CODE> 1 (was CODE)
  Relative segment, address: 4788 - 47C7 (0x40 bytes), align: 1
  Segment part 6.             Intra module refs:   ValidUartFrame
           ENTRY                   ADDRESS         REF BY
           =====                   =======         ======
           BcdToHex                4788 
    -------------------------------------------------------------------------
<CODE> 1 (was CODE)
  Relative segment, address: 3F22 - 3FEF (0xce bytes), align: 1
  Segment part 5.
           ENTRY                   ADDRESS         REF BY
           =====                   =======         ======
           SendCmd                 3F22            GetFlow (main)
                                                   GetVer (main)
                                                   Read4_20ma (main)
                                                   ReportInput (main)
               calls direct
    -------------------------------------------------------------------------
<CODE> 1 (was CODE)
  Relative segment, address: 408E - 4123 (0x96 bytes), align: 1
  Segment part 4.
           ENTRY                   ADDRESS         REF BY
           =====                   =======         ======
           ValidUartFrame          408E            HndUartData (main)
               calls direct
    -------------------------------------------------------------------------
DATA20_C
  Relative segment, address: 4CD2 - 4CD6 (0x5 bytes), align: 0
  Segment part 3.             Intra module refs:   SendCmd

    *************************************************************************

  FILE NAME : E:\kc\QrjIo\Debug\Obj\system.r43
  PROGRAM MODULE, NAME : system

  SEGMENTS IN THE MODULE
  ======================
DATA16_AN
  Relative segment, address: 0001 - 0001 (0x1 bytes), align: 0
  Segment part 1. ROOT        Intra module refs:   SystemInit
                                                   UartConfig2 (Uart)
           ENTRY                   ADDRESS         REF BY
           =====                   =======         ======
           IE2                     0001 
    -------------------------------------------------------------------------
DATA16_AN
  Relative segment, address: 0040 - 0041 (0x2 bytes), align: 0
  Segment part 2. ROOT        Intra module refs:   SystemInit
           ENTRY                   ADDRESS         REF BY
           =====                   =======         ======
           _A_BTCTL                0040 
           LOCAL                   ADDRESS         
           =====                   =======         
           BTCTL                   0040 
           RTCCTL                  0041 
           RTCTL                   0040 
    -------------------------------------------------------------------------
DATA16_AN
  Relative segment, address: 0050 - 0050 (0x1 bytes), align: 0
  Segment part 3. ROOT        Intra module refs:   SystemInit
           ENTRY                   ADDRESS         REF BY
           =====                   =======         ======
           SCFI0                   0050 
    -------------------------------------------------------------------------
DATA16_AN
  Relative segment, address: 0052 - 0052 (0x1 bytes), align: 0
  Segment part 4. ROOT        Intra module refs:   SystemInit
           ENTRY                   ADDRESS         REF BY
           =====                   =======         ======
           SCFQCTL                 0052 
    -------------------------------------------------------------------------
DATA16_AN
  Relative segment, address: 0053 - 0053 (0x1 bytes), align: 0
  Segment part 5. ROOT        Intra module refs:   SystemInit
           ENTRY                   ADDRESS         REF BY
           =====                   =======         ======
           FLL_CTL0                0053 
    -------------------------------------------------------------------------
DATA16_AN
  Relative segment, address: 0160 - 0161 (0x2 bytes), align: 0
  Segment part 6. ROOT 
           ENTRY                   ADDRESS         REF BY
           =====                   =======         ======
           TACTL                   0160 
    -------------------------------------------------------------------------
DATA16_AN
  Relative segment, address: 0162 - 0163 (0x2 bytes), align: 0
  Segment part 7. ROOT 
           ENTRY                   ADDRESS         REF BY
           =====                   =======         ======
           TACCTL0                 0162 
    -------------------------------------------------------------------------
DATA16_AN
  Relative segment, address: 0172 - 0173 (0x2 bytes), align: 0
  Segment part 8. ROOT 
           ENTRY                   ADDRESS         REF BY
           =====                   =======         ======
           TACCR0                  0172 
    -------------------------------------------------------------------------
DATA16_AN
  Relative segment, address: 0120 - 0121 (0x2 bytes), align: 0
  Segment part 9. ROOT        Intra module refs:   SystemInit
           ENTRY                   ADDRESS         REF BY
           =====                   =======         ======
           WDTCTL                  0120 
    -------------------------------------------------------------------------
DATA20_Z
  Relative segment, address: 1154 - 1155 (0x2 bytes), align: 1
  Segment part 12.            Intra module refs:   TIMER0ISR_
           ENTRY                   ADDRESS         REF BY
           =====                   =======         ======
           TimerACnt               1154            TimerTask (main)
    -------------------------------------------------------------------------
DATA20_Z
  Relative segment, address: 1156 - 1157 (0x2 bytes), align: 1
  Segment part 13.
           ENTRY                   ADDRESS         REF BY
           =====                   =======         ======
           UartTimer               1156            HndUartData (main)
                                                   TimerTask (main)
                                                   USRT1IRxISR_ (Uart)
    -------------------------------------------------------------------------
<CODE> 1 (was CODE)
  Relative segment, address: 4884 - 48BF (0x3c bytes), align: 1
  Segment part 16.
           ENTRY                   ADDRESS         REF BY
           =====                   =======         ======
           SystemInit              4884            main (main)
    -------------------------------------------------------------------------
ISR_CODE
  Relative segment, address: 2130 - 2137 (0x8 bytes), align: 1
  Segment part 14.            Intra module refs:   TIMER0ISR_::??INTVEC 32
           ENTRY                   ADDRESS         REF BY
           =====                   =======         ======
           TIMER0ISR_              2130 
               interrupt function
    -------------------------------------------------------------------------
INTVEC
  Common segment, address: FFC0 - FFE1 (0x22 bytes), align: 1
  Segment part 10. ROOT 
           ENTRY                   ADDRESS         REF BY
           =====                   =======         ======
           TIMER0ISR_::??INTVEC 32
                                   FFE0 

    *************************************************************************

  FILE NAME : E:\kc\QrjIo\Debug\Obj\Uart.r43
  PROGRAM MODULE, NAME : Uart

  SEGMENTS IN THE MODULE
  ======================
DATA16_AN
  Relative segment, address: 0003 - 0003 (0x1 bytes), align: 0
  Segment part 2. ROOT        Intra module refs:   UartPutChar
           ENTRY                   ADDRESS         REF BY
           =====                   =======         ======
           IFG2                    0003 
    -------------------------------------------------------------------------
DATA16_AN
  Relative segment, address: 0005 - 0005 (0x1 bytes), align: 0
  Segment part 3. ROOT        Intra module refs:   UartConfig2
           ENTRY                   ADDRESS         REF BY
           =====                   =======         ======
           ME2                     0005 
    -------------------------------------------------------------------------
DATA16_AN
  Relative segment, address: 001F - 001F (0x1 bytes), align: 0
  Segment part 5. ROOT        Intra module refs:   UartConfig2
           ENTRY                   ADDRESS         REF BY
           =====                   =======         ======
           P4SEL                   001F 
    -------------------------------------------------------------------------
DATA16_AN
  Relative segment, address: 0060 - 0060 (0x1 bytes), align: 0
  Segment part 6. ROOT 
           ENTRY                   ADDRESS         REF BY
           =====                   =======         ======
           UCA0CTL0                0060 
    -------------------------------------------------------------------------
DATA16_AN
  Relative segment, address: 0061 - 0061 (0x1 bytes), align: 0
  Segment part 7. ROOT 
           ENTRY                   ADDRESS         REF BY
           =====                   =======         ======
           UCA0CTL1                0061 
    -------------------------------------------------------------------------
DATA16_AN
  Relative segment, address: 0062 - 0062 (0x1 bytes), align: 0
  Segment part 8. ROOT 
           ENTRY                   ADDRESS         REF BY
           =====                   =======         ======
           UCA0BR0                 0062 
    -------------------------------------------------------------------------
DATA16_AN
  Relative segment, address: 0063 - 0063 (0x1 bytes), align: 0
  Segment part 9. ROOT 
           ENTRY                   ADDRESS         REF BY
           =====                   =======         ======
           UCA0BR1                 0063 
    -------------------------------------------------------------------------
DATA16_AN
  Relative segment, address: 0064 - 0064 (0x1 bytes), align: 0
  Segment part 10. ROOT 
           ENTRY                   ADDRESS         REF BY
           =====                   =======         ======
           UCA0MCTL                0064 
    -------------------------------------------------------------------------
DATA16_AN
  Relative segment, address: 005E - 005E (0x1 bytes), align: 0
  Segment part 11. ROOT 
           ENTRY                   ADDRESS         REF BY
           =====                   =======         ======
           UCA0IRTCTL              005E 
    -------------------------------------------------------------------------
DATA16_AN
  Relative segment, address: 005F - 005F (0x1 bytes), align: 0
  Segment part 12. ROOT 
           ENTRY                   ADDRESS         REF BY
           =====                   =======         ======
           UCA0IRRCTL              005F 
    -------------------------------------------------------------------------
DATA16_AN
  Relative segment, address: 0078 - 0078 (0x1 bytes), align: 0
  Segment part 13. ROOT       Intra module refs:   UartConfig2
           ENTRY                   ADDRESS         REF BY
           =====                   =======         ======
           U1CTL                   0078 
    -------------------------------------------------------------------------
DATA16_AN
  Relative segment, address: 0079 - 0079 (0x1 bytes), align: 0
  Segment part 14. ROOT       Intra module refs:   UartConfig2
           ENTRY                   ADDRESS         REF BY
           =====                   =======         ======
           U1TCTL                  0079 
    -------------------------------------------------------------------------
DATA16_AN
  Relative segment, address: 007B - 007B (0x1 bytes), align: 0
  Segment part 15. ROOT       Intra module refs:   UartConfig2
           ENTRY                   ADDRESS         REF BY
           =====                   =======         ======
           U1MCTL                  007B 
    -------------------------------------------------------------------------
DATA16_AN
  Relative segment, address: 007C - 007C (0x1 bytes), align: 0
  Segment part 16. ROOT       Intra module refs:   UartConfig2
           ENTRY                   ADDRESS         REF BY
           =====                   =======         ======
           U1BR0                   007C 
    -------------------------------------------------------------------------
DATA16_AN
  Relative segment, address: 007D - 007D (0x1 bytes), align: 0
  Segment part 17. ROOT       Intra module refs:   UartConfig2
           ENTRY                   ADDRESS         REF BY
           =====                   =======         ======
           U1BR1                   007D 
    -------------------------------------------------------------------------
DATA16_AN
  Relative segment, address: 007E - 007E (0x1 bytes), align: 0
  Segment part 18. ROOT       Intra module refs:   USRT1IRxISR_
           ENTRY                   ADDRESS         REF BY
           =====                   =======         ======
           U1RXBUF                 007E 
    -------------------------------------------------------------------------
DATA16_AN
  Relative segment, address: 007F - 007F (0x1 bytes), align: 0
  Segment part 19. ROOT       Intra module refs:   UartPutChar
           ENTRY                   ADDRESS         REF BY
           =====                   =======         ======
           U1TXBUF                 007F 
    -------------------------------------------------------------------------
DATA20_Z
  Relative segment, address: 116A - 11E9 (0x80 bytes), align: 0
  Segment part 22.            Intra module refs:   Clear_Uart_Buf
                                                   USRT1IRxISR_
           ENTRY                   ADDRESS         REF BY
           =====                   =======         ======
           RecvBuf                 116A            CtlPaper (main)
                                                   HndUartFrame (main)
                                                   IoCtl (main)
                                                   LampCtl (main)
                                                   SndCtl (main)
                                                   ValidUartFrame (MwPro)
    -------------------------------------------------------------------------
DATA20_Z
  Relative segment, address: 11EA - 1269 (0x80 bytes), align: 0
  Segment part 23.
           ENTRY                   ADDRESS         REF BY
           =====                   =======         ======
           SendBuf                 11EA            SendCmd (MwPro)
    -------------------------------------------------------------------------
DATA20_Z
  Relative segment, address: 126A - 126A (0x1 bytes), align: 0
  Segment part 24.            Intra module refs:   Clear_Uart_Buf
                                                   USRT1IRxISR_
           ENTRY                   ADDRESS         REF BY
           =====                   =======         ======
           RecLength               126A            TimerTask (main)
                                                   ValidUartFrame (MwPro)
    -------------------------------------------------------------------------
<CODE> 1 (was CODE)
  Relative segment, address: 4808 - 4847 (0x40 bytes), align: 1
  Segment part 29.
           ENTRY                   ADDRESS         REF BY
           =====                   =======         ======
           UartConfig2             4808            main (main)
    -------------------------------------------------------------------------
ISR_CODE
  Relative segment, address: 2138 - 2167 (0x30 bytes), align: 1
  Segment part 31.            Intra module refs:   USRT1IRxISR_::??INTVEC 38
           ENTRY                   ADDRESS         REF BY
           =====                   =======         ======
           USRT1IRxISR_            2138 
               interrupt function
               calls direct
    -------------------------------------------------------------------------
<CODE> 1 (was CODE)
  Relative segment, address: 4B78 - 4B8F (0x18 bytes), align: 1
  Segment part 27.            Intra module refs:   USRT1IRxISR_
           ENTRY                   ADDRESS         REF BY
           =====                   =======         ======
           Clear_Uart_Buf          4B78            HndUartData (main)
               calls direct
    -------------------------------------------------------------------------
<CODE> 1 (was CODE)
  Relative segment, address: 4ACE - 4AED (0x20 bytes), align: 1
  Segment part 26.            Intra module refs:   UartSend
           ENTRY                   ADDRESS         REF BY
           =====                   =======         ======
           UartPutChar             4ACE 
    -------------------------------------------------------------------------
<CODE> 1 (was CODE)
  Relative segment, address: 4AAC - 4ACD (0x22 bytes), align: 1
  Segment part 25.
           ENTRY                   ADDRESS         REF BY
           =====                   =======         ======
           UartSend                4AAC            SendCmd (MwPro)
               calls direct
    -------------------------------------------------------------------------
INTVEC
  Common segment, address: FFC0 - FFE7 (0x28 bytes), align: 1
  Segment part 20. ROOT 
           ENTRY                   ADDRESS         REF BY
           =====                   =======         ======
           USRT1IRxISR_::??INTVEC 38
                                   FFE6 

    *************************************************************************

  FILE NAME : C:\Program Files (x86)\IAR Systems\Embedded Workbench 7.2\430\lib\clib\cl430xllf.r43
  LIBRARY MODULE, NAME : ?_exit

  SEGMENTS IN THE MODULE
  ======================
<CODE> 1 (was CODE)
  Relative segment, address: 4CC8, align: 1
  Segment part 0.
           ENTRY                   ADDRESS         REF BY
           =====                   =======         ======
           _exit                   4CC8            exit (?clibexit)
    -------------------------------------------------------------------------
<CODE> 1 (was CODE)
  Relative segment, address: 4CC8 - 4CCB (0x4 bytes), align: 1
  Segment part 6.             Intra module refs:   _exit

    -------------------------------------------------------------------------
  LIBRARY MODULE, NAME : ?clibexit

  SEGMENTS IN THE MODULE
  ======================
<CODE> 1 (was CODE)
  Relative segment, address: 4CC0 - 4CC3 (0x4 bytes), align: 1
  Segment part 2.
           ENTRY                   ADDRESS         REF BY
           =====                   =======         ======
           exit                    4CC0            Segment part 26 (?cstart)
               calls direct

    -------------------------------------------------------------------------
  LIBRARY MODULE, NAME : ?__exit

  SEGMENTS IN THE MODULE
  ======================
<CODE> 1 (was CODE)
  Relative segment, address: 4CC4 - 4CC7 (0x4 bytes), align: 1
  Segment part 0.
           ENTRY                   ADDRESS         REF BY
           =====                   =======         ======
           __exit                  4CC4            Segment part 6 (?_exit)
                                                   _exit (?_exit)
           ?C_EXIT                 4CC4 

    -------------------------------------------------------------------------
  LIBRARY MODULE, NAME : ?cstart

  SEGMENTS IN THE MODULE
  ======================
CSTACK
  Relative segment, address: 20B0, align: 1
  Segment part 1.
    -------------------------------------------------------------------------
CODE_I
  Relative segment, address: 1100, align: 1
  Segment part 5.
    -------------------------------------------------------------------------
CODE_ID
  Relative segment, address: 4D0E, align: 1
  Segment part 6.
    -------------------------------------------------------------------------
DATA20_Z
  Relative segment, address: 1158, align: 1
  Segment part 7.
    -------------------------------------------------------------------------
DATA20_I
  Relative segment, address: 1100, align: 1
  Segment part 8.
    -------------------------------------------------------------------------
DATA20_ID
  Relative segment, address: 4D0C, align: 1
  Segment part 9.
    -------------------------------------------------------------------------
DATA20_C
  Relative segment, address: 4CCC, align: 1
  Segment part 10.
    -------------------------------------------------------------------------
DATA20_HEAP
  Relative segment, address: 126C, align: 1
  Segment part 11.
    -------------------------------------------------------------------------
DATA20_N
  Relative segment, address: 126C, align: 1
  Segment part 12.
    -------------------------------------------------------------------------
CSTART
  Relative segment, address: 2100 - 2103 (0x4 bytes), align: 1
  Segment part 15.
           ENTRY                   ADDRESS         REF BY
           =====                   =======         ======
           __program_start         2100            ?reset_vector (?reset_vector)
                                                   Absolute parts (?ABS_ENTRY_MOD)
           ?cstart_begin           2100 
    -------------------------------------------------------------------------
CSTART
  Relative segment, address: 2104 - 2113 (0x10 bytes), align: 1
  Segment part 21.
           ENTRY                   ADDRESS         REF BY
           =====                   =======         ======
           ?cstart_init_zero20     2104            CommIdleTime (main)
                                                   FlashIoTimer (main)
                                                   HndInput::InHis (main)
                                                   HndInput::RpHis (main)
                                                   HndPaper::IrHis (main)
                                                   InputReport (main)
                                                   InputStatus (main)
                                                   OutHis (main)
                                                   OutMode (main)
                                                   OutStatus (main)
                                                   Paper (main)
                                                   PaperErr (main)
                                                   PaperPluse (main)
                                                   PaperTimer (main)
                                                   RecLength (Uart)
                                                   RecvBuf (Uart)
                                                   RunLed::tm (main)
                                                   RunTime (main)
                                                   SendBuf (Uart)
                                                   TaskMask (main)
                                                   TaskTime (main)
                                                   TimerACnt (system)
                                                   UartTimer (system)
                                                   g_BaseInfo (main)
    -------------------------------------------------------------------------
CSTART
  Relative segment, address: 2114 - 2127 (0x14 bytes), align: 1
  Segment part 22.
           ENTRY                   ADDRESS         REF BY
           =====                   =======         ======
           ?cstart_init_copy20     2114            NeedGetFlow (main)
    -------------------------------------------------------------------------
CSTART
  Relative segment, address: 2128 - 212F (0x8 bytes), align: 1
  Segment part 26.            Intra module refs:   Segment part 15
           ENTRY                   ADDRESS         REF BY
           =====                   =======         ======
           ?cstart_call_main       2128 
           ?cstart_end             2130 
    -------------------------------------------------------------------------
CODE_ID
  Relative segment, address: 4D0E, align: 1
  Segment part 27.            Intra module refs:   Segment part 5

    -------------------------------------------------------------------------
  LIBRARY MODULE, NAME : ?reset_vector

  SEGMENTS IN THE MODULE
  ======================
RESET
  Relative segment, address: FFFE - FFFF (0x2 bytes), align: 1
  Segment part 0.
           ENTRY                   ADDRESS         REF BY
           =====                   =======         ======
           ?reset_vector           FFFE            Segment part 15 (?cstart)

    -------------------------------------------------------------------------
  LIBRARY MODULE, NAME : ?Mul32fHw

  SEGMENTS IN THE MODULE
  ======================
<CODE> 1 (was CODE)
  Relative segment, address: 3D0A - 3E47 (0x13e bytes), align: 1
  Segment part 0.
           ENTRY                   ADDRESS         REF BY
           =====                   =======         ======
           ?Mul32fHw               3D0A            Out4_20ma (main)
                                                   Out4_20ma_2 (main)
                                                   Read4_20ma (main)
                                                   Segment part 12 (?largewr)
                                                   Task_1s (main)
                                                   float_conversion (?largewr)

    -------------------------------------------------------------------------
  LIBRARY MODULE, NAME : ?Cast32f32i

  SEGMENTS IN THE MODULE
  ======================
<CODE> 1 (was CODE)
  Relative segment, address: 3FF0 - 4005 (0x16 bytes), align: 1
  Segment part 0.
           ENTRY                   ADDRESS         REF BY
           =====                   =======         ======
           _Cast32sto32f           3FF0            Read4_20ma (main)
                                                   Task_1s (main)
                                                   float_conversion (?largewr)
    -------------------------------------------------------------------------
<CODE> 1 (was CODE)
  Relative segment, address: 4006 - 408D (0x88 bytes), align: 1
  Segment part 1.             Intra module refs:   _Cast32sto32f
           ENTRY                   ADDRESS         REF BY
           =====                   =======         ======
           _Cast32uto32f           4006            Out4_20ma (main)
                                                   Out4_20ma_2 (main)

    -------------------------------------------------------------------------
  LIBRARY MODULE, NAME : _Cast32fto32u

  SEGMENTS IN THE MODULE
  ======================
<CODE> 1 (was CODE)
  Relative segment, address: 4C7A - 4C85 (0xc bytes), align: 1
  Segment part 0.
           ENTRY                   ADDRESS         REF BY
           =====                   =======         ======
           _Cast32fto32u           4C7A            Out4_20ma (main)
                                                   Out4_20ma_2 (main)
                                                   Read4_20ma (main)

    -------------------------------------------------------------------------
  LIBRARY MODULE, NAME : _Cast32fto32s

  SEGMENTS IN THE MODULE
  ======================
<CODE> 1 (was CODE)
  Relative segment, address: 495C - 498D (0x32 bytes), align: 1
  Segment part 0.
           ENTRY                   ADDRESS         REF BY
           =====                   =======         ======
           _Cast32fto32s           495C            Read4_20ma (main)
                                                   Task_1s (main)
                                                   float_conversion (?largewr)

    -------------------------------------------------------------------------
  LIBRARY MODULE, NAME : ?FLT_Extract

  SEGMENTS IN THE MODULE
  ======================
<CODE> 1 (was CODE)
  Relative segment, address: 45C6 - 4619 (0x54 bytes), align: 1
  Segment part 0.
           ENTRY                   ADDRESS         REF BY
           =====                   =======         ======
           ?FLT_Extract            45C6            _Cast32fto32s (_Cast32fto32s)
                                                   _Cast32fto32u (_Cast32fto32u)

    -------------------------------------------------------------------------
  LIBRARY MODULE, NAME : ?FLT_EQ

  SEGMENTS IN THE MODULE
  ======================
<CODE> 1 (was CODE)
  Relative segment, address: 48F4 - 4927 (0x34 bytes), align: 1
  Segment part 0.
           ENTRY                   ADDRESS         REF BY
           =====                   =======         ======
           ?FLT_EQ                 48F4            _CmpEq32f (_CmpEq32f)
                                                   _CmpNe32f (_CmpNe32f)

    -------------------------------------------------------------------------
  LIBRARY MODULE, NAME : ?FLT_GE

  SEGMENTS IN THE MODULE
  ======================
<CODE> 1 (was CODE)
  Relative segment, address: 4516 - 456F (0x5a bytes), align: 1
  Segment part 0.
           ENTRY                   ADDRESS         REF BY
           =====                   =======         ======
           ?FLT_GE                 4516            _CmpGe32f (_CmpGe32f)

    -------------------------------------------------------------------------
  LIBRARY MODULE, NAME : ?FLT_LT

  SEGMENTS IN THE MODULE
  ======================
<CODE> 1 (was CODE)
  Relative segment, address: 4570 - 45C5 (0x56 bytes), align: 1
  Segment part 0.
           ENTRY                   ADDRESS         REF BY
           =====                   =======         ======
           ?FLT_LT                 4570            _CmpLt32f (_CmpLt32f)

    -------------------------------------------------------------------------
  LIBRARY MODULE, NAME : _CmpEq32f

  SEGMENTS IN THE MODULE
  ======================
<CODE> 1 (was CODE)
  Relative segment, address: 4C92 - 4C9D (0xc bytes), align: 1
  Segment part 0.
           ENTRY                   ADDRESS         REF BY
           =====                   =======         ======
           _CmpEq32f               4C92            float_conversion (?largewr)

    -------------------------------------------------------------------------
  LIBRARY MODULE, NAME : _CmpNe32f

  SEGMENTS IN THE MODULE
  ======================
<CODE> 1 (was CODE)
  Relative segment, address: 4C86 - 4C91 (0xc bytes), align: 1
  Segment part 0.
           ENTRY                   ADDRESS         REF BY
           =====                   =======         ======
           _CmpNe32f               4C86            float_conversion (?largewr)

    -------------------------------------------------------------------------
  LIBRARY MODULE, NAME : _CmpGe32f

  SEGMENTS IN THE MODULE
  ======================
<CODE> 1 (was CODE)
  Relative segment, address: 4C9E - 4CA7 (0xa bytes), align: 1
  Segment part 0.
           ENTRY                   ADDRESS         REF BY
           =====                   =======         ======
           _CmpGe32f               4C9E            Segment part 15 (?largewr)

    -------------------------------------------------------------------------
  LIBRARY MODULE, NAME : _CmpLt32f

  SEGMENTS IN THE MODULE
  ======================
<CODE> 1 (was CODE)
  Relative segment, address: 4CA8 - 4CB1 (0xa bytes), align: 1
  Segment part 0.
           ENTRY                   ADDRESS         REF BY
           =====                   =======         ======
           _CmpLt32f               4CA8            _large_write (?largewr)
                                                   float_conversion (?largewr)

    -------------------------------------------------------------------------
  LIBRARY MODULE, NAME : _Div32f

  SEGMENTS IN THE MODULE
  ======================
<CODE> 1 (was CODE)
  Relative segment, address: 3BCA - 3D09 (0x140 bytes), align: 1
  Segment part 0.
           ENTRY                   ADDRESS         REF BY
           =====                   =======         ======
           _Div32f                 3BCA            Read4_20ma (main)
                                                   Segment part 14 (?largewr)
                                                   Task_1s (main)

    -------------------------------------------------------------------------
  LIBRARY MODULE, NAME : _Add32f

  SEGMENTS IN THE MODULE
  ======================
<CODE> 1 (was CODE)
  Relative segment, address: 3A58 - 3A5B (0x4 bytes), align: 1
  Segment part 0.
           ENTRY                   ADDRESS         REF BY
           =====                   =======         ======
           _Sub32f                 3A58            float_conversion (?largewr)
    -------------------------------------------------------------------------
<CODE> 1 (was CODE)
  Relative segment, address: 3A5C - 3BC9 (0x16e bytes), align: 1
  Segment part 1.             Intra module refs:   _Sub32f
           ENTRY                   ADDRESS         REF BY
           =====                   =======         ======
           _Add32f                 3A5C 

    -------------------------------------------------------------------------
  LIBRARY MODULE, NAME : ?largewr

  SEGMENTS IN THE MODULE
  ======================
<CODE> 1 (was CODE)
  Relative segment, address: 2E74 - 31BB (0x348 bytes), align: 1
  Segment part 10.            Intra module refs:   _large_write
           LOCAL                   ADDRESS         
           =====                   =======         
           float_conversion        2E74 
               calls direct
    -------------------------------------------------------------------------
<CODE> 1 (was CODE)
  Relative segment, address: 4CB2 - 4CBB (0xa bytes), align: 1
  Segment part 11.            Intra module refs:   float_conversion
    -------------------------------------------------------------------------
<CODE> 1 (was CODE)
  Relative segment, address: 4B5E - 4B65 (0x8 bytes), align: 1
  Segment part 12.            Intra module refs:   float_conversion
    -------------------------------------------------------------------------
<CODE> 1 (was CODE)
  Relative segment, address: 4B66 - 4B6B (0x6 bytes), align: 1
  Segment part 13.            Intra module refs:   Segment part 12
                                                   Segment part 14
    -------------------------------------------------------------------------
<CODE> 1 (was CODE)
  Relative segment, address: 4B6C - 4B77 (0xc bytes), align: 1
  Segment part 14.            Intra module refs:   float_conversion
    -------------------------------------------------------------------------
<CODE> 1 (was CODE)
  Relative segment, address: 4C6E - 4C79 (0xc bytes), align: 1
  Segment part 15.            Intra module refs:   float_conversion
    -------------------------------------------------------------------------
<CODE> 1 (was CODE)
  Relative segment, address: 4BD8 - 4BED (0x16 bytes), align: 1
  Segment part 16.            Intra module refs:   float_conversion
    -------------------------------------------------------------------------
<CODE> 1 (was CODE)
  Relative segment, address: 2950 - 2E73 (0x524 bytes), align: 1
  Segment part 6.
           ENTRY                   ADDRESS         REF BY
           =====                   =======         ======
           _large_write            2950            sprintf (?sprintf)
               calls direct and indirect
    -------------------------------------------------------------------------
<CODE> 1 (was CODE)
  Relative segment, address: 4C50 - 4C5F (0x10 bytes), align: 1
  Segment part 7.             Intra module refs:   _large_write
    -------------------------------------------------------------------------
<CODE> 1 (was CODE)
  Relative segment, address: 4BEE - 4C01 (0x14 bytes), align: 1
  Segment part 8.             Intra module refs:   _large_write
    -------------------------------------------------------------------------
<CODE> 1 (was CODE)
  Relative segment, address: 4C02 - 4C15 (0x14 bytes), align: 1
  Segment part 9.             Intra module refs:   _large_write
    -------------------------------------------------------------------------
DATA20_C
  Relative segment, address: 4CD7 - 4CE7 (0x11 bytes), align: 0
  Segment part 2.             Intra module refs:   _large_write
    -------------------------------------------------------------------------
DATA20_C
  Relative segment, address: 4CE8 - 4CF6 (0xf bytes), align: 0
  Segment part 3.             Intra module refs:   _large_write
    -------------------------------------------------------------------------
DATA20_C
  Relative segment, address: 4CF7 - 4D07 (0x11 bytes), align: 0
  Segment part 4.             Intra module refs:   _large_write
    -------------------------------------------------------------------------
DATA20_C
  Relative segment, address: 4D08 - 4D0B (0x4 bytes), align: 0
  Segment part 5.             Intra module refs:   _large_write

    -------------------------------------------------------------------------
  LIBRARY MODULE, NAME : ?DivMod816u

  SEGMENTS IN THE MODULE
  ======================
<CODE> 1 (was CODE)
  Relative segment, address: 4BC0 - 4BD7 (0x18 bytes), align: 1
  Segment part 1.
           ENTRY                   ADDRESS         REF BY
           =====                   =======         ======
           ?DivMod16u              4BC0            ?DivMod16s (?DivMod816s)

    -------------------------------------------------------------------------
  LIBRARY MODULE, NAME : ?DivMod816s

  SEGMENTS IN THE MODULE
  ======================
<CODE> 1 (was CODE)
  Relative segment, address: 4928 - 495B (0x34 bytes), align: 1
  Segment part 1.
           ENTRY                   ADDRESS         REF BY
           =====                   =======         ======
           ?DivMod16s              4928            Segment part 11 (?largewr)

    -------------------------------------------------------------------------
  LIBRARY MODULE, NAME : ?DivMod32u

  SEGMENTS IN THE MODULE
  ======================
<CODE> 1 (was CODE)
  Relative segment, address: 4700 - 4743 (0x44 bytes), align: 1
  Segment part 0.
           ENTRY                   ADDRESS         REF BY
           =====                   =======         ======
           ?DivMod32u              4700            ?DivMod32s (?DivMod32s)
                                                   _large_write (?largewr)

    -------------------------------------------------------------------------
  LIBRARY MODULE, NAME : ?DivMod32s

  SEGMENTS IN THE MODULE
  ======================
<CODE> 1 (was CODE)
  Relative segment, address: 4744 - 4787 (0x44 bytes), align: 1
  Segment part 0.
           ENTRY                   ADDRESS         REF BY
           =====                   =======         ======
           ?DivMod32s              4744            MCP4725_OutVol (mcp4725)
                                                   MCP4725_OutVol2 (mcp4725)

    -------------------------------------------------------------------------
  LIBRARY MODULE, NAME : ?ShiftLeft32_8n

  SEGMENTS IN THE MODULE
  ======================
<CODE> 1 (was CODE)
  Relative segment, address: 4B0E - 4B11 (0x4 bytes), align: 1
  Segment part 2.
           ENTRY                   ADDRESS         REF BY
           =====                   =======         ======
           ?ShiftLeft32_12         4B0E            MCP4725_OutVol (mcp4725)
                                                   MCP4725_OutVol2 (mcp4725)
    -------------------------------------------------------------------------
<CODE> 1 (was CODE)
  Relative segment, address: 4B12 - 4B15 (0x4 bytes), align: 1
  Segment part 3.             Intra module refs:   ?ShiftLeft32_12
           ENTRY                   ADDRESS         REF BY
           =====                   =======         ======
           ?ShiftLeft32_11         4B12 
    -------------------------------------------------------------------------
<CODE> 1 (was CODE)
  Relative segment, address: 4B16 - 4B19 (0x4 bytes), align: 1
  Segment part 4.             Intra module refs:   ?ShiftLeft32_11
           ENTRY                   ADDRESS         REF BY
           =====                   =======         ======
           ?ShiftLeft32_10         4B16 
    -------------------------------------------------------------------------
<CODE> 1 (was CODE)
  Relative segment, address: 4B1A - 4B1D (0x4 bytes), align: 1
  Segment part 5.             Intra module refs:   ?ShiftLeft32_10
           ENTRY                   ADDRESS         REF BY
           =====                   =======         ======
           ?ShiftLeft32_9          4B1A 
    -------------------------------------------------------------------------
<CODE> 1 (was CODE)
  Relative segment, address: 4B1E - 4B29 (0xc bytes), align: 1
  Segment part 6.             Intra module refs:   ?ShiftLeft32_9
           ENTRY                   ADDRESS         REF BY
           =====                   =======         ======
           ?ShiftLeft32_8          4B1E 

    -------------------------------------------------------------------------
  LIBRARY MODULE, NAME : ?memcpy

  SEGMENTS IN THE MODULE
  ======================
<CODE> 1 (was CODE)
  Relative segment, address: 4A3C - 4A63 (0x28 bytes), align: 1
  Segment part 2.
           ENTRY                   ADDRESS         REF BY
           =====                   =======         ======
           memcpy                  4A3C            CtlPaper (main)
                                                   GetVer (main)
                                                   IoCtl (main)
                                                   LampCtl (main)
                                                   SendCmd (MwPro)
                                                   __data20_memcpy (?memzero)

    -------------------------------------------------------------------------
  LIBRARY MODULE, NAME : ?ClearMemoryBytes

  SEGMENTS IN THE MODULE
  ======================
<CODE> 1 (was CODE)
  Relative segment, address: 4C2A - 4C3D (0x14 bytes), align: 1
  Segment part 0.
           ENTRY                   ADDRESS         REF BY
           =====                   =======         ======
           ?ClearMemoryBytes       4C2A            GetVer (main)

    -------------------------------------------------------------------------
  LIBRARY MODULE, NAME : ?memset

  SEGMENTS IN THE MODULE
  ======================
<CODE> 1 (was CODE)
  Relative segment, address: 4AEE - 4B0D (0x20 bytes), align: 1
  Segment part 2.
           ENTRY                   ADDRESS         REF BY
           =====                   =======         ======
           memset                  4AEE            Clear_Uart_Buf (Uart)
                                                   SendCmd (MwPro)

    -------------------------------------------------------------------------
  LIBRARY MODULE, NAME : ?memzero

  SEGMENTS IN THE MODULE
  ======================
<CODE> 1 (was CODE)
  Relative segment, address: 4B90 - 4BA7 (0x18 bytes), align: 1
  Segment part 4.
           ENTRY                   ADDRESS         REF BY
           =====                   =======         ======
           __data20_memzero        4B90            ?cstart_init_zero20 (?cstart)
    -------------------------------------------------------------------------
<CODE> 1 (was CODE)
  Relative segment, address: 4CBC - 4CBF (0x4 bytes), align: 1
  Segment part 3.
           ENTRY                   ADDRESS         REF BY
           =====                   =======         ======
           __data20_memcpy         4CBC            ?cstart_init_copy20 (?cstart)
               calls direct

    -------------------------------------------------------------------------
  LIBRARY MODULE, NAME : ?sprintf

  SEGMENTS IN THE MODULE
  ======================
<CODE> 1 (was CODE)
  Relative segment, address: 4C60 - 4C6D (0xe bytes), align: 1
  Segment part 3.             Intra module refs:   sprintf
           LOCAL                   ADDRESS         
           =====                   =======         
           put_c_in_string         4C60 
    -------------------------------------------------------------------------
<CODE> 1 (was CODE)
  Relative segment, address: 49BA - 49E5 (0x2c bytes), align: 1
  Segment part 2.
           ENTRY                   ADDRESS         REF BY
           =====                   =======         ======
           sprintf                 49BA            SendCmd (MwPro)
               calls direct




                ****************************************
                *                                      *
                *      SEGMENTS IN ADDRESS ORDER       *
                *                                      *
                ****************************************


SEGMENT              SPACE    START ADDRESS   END ADDRESS     SIZE  TYPE  ALIGN
=======              =====    =============   ===========     ====  ====  =====
DATA16_AN                              0001 - 0001               1   rel    0
                                       0003 - 0003               1 
                                       0005 - 0005               1 
                                       0008 - 000D               6 
                                       001C - 0020               5 
                                       0022 - 0022               1 
                                       0028 - 0028               1 
                                       002A - 002A               1 
                                       0035 - 0036               2 
                                       0038 - 003D               6 
                                       0040 - 0041               2 
                                       0050 - 0050               1 
                                       0052 - 0053               2 
                                       005E - 0064               7 
                                       0078 - 0079               2 
                                       007B - 007F               5 
                                       0120 - 0121               2 
                                       0160 - 0163               4 
                                       0172 - 0173               2 
CODE_I                                    1100                       rel    1
DATA20_I                               1100 - 1100               1   rel    1
DATA20_Z                               1102 - 126A             169   rel    1
DATA20_N                                  126C                       rel    1
DATA20_HEAP                            126C - 12BB              50   rel    1
CSTACK                                 20B0 - 20FF              50   rel    1
CSTART                                 2100 - 212F              30   rel    1
ISR_CODE                               2130 - 2167              38   rel    1
<CODE> 1                               2168 - 4CCB            2B64   rel    1
DATA20_C                               4CCC - 4D0B              40   rel    1
DATA20_ID                              4D0C - 4D0C               1   rel    1
CODE_ID                                   4D0E                       rel    1
INTVEC                                 FFC0 - FFE7              28   com    1
RESET                                  FFFE - FFFF               2   rel    1

                ****************************************
                *                                      *
                *        END OF CROSS REFERENCE        *
                *                                      *
                ****************************************

 11 254 bytes of CODE  memory
    522 bytes of DATA  memory (+ 52 absolute )
     65 bytes of CONST memory

Errors: none
Warnings: none

